// Jest Snapshot v1, https://goo.gl/fbAQLP

exports[`displays a list of businesses correctly 1`] = `
Array [
  <div>
    <h2
      className="text-grey"
    >
      A 2 Zee's
    </h2>
    <span
      className="text-grey"
    >
      Cafes
       
    </span>
    <h2
      className="text-grey"
    >
      No price rating available
    </h2>
    <div>
      <svg
        aria-hidden="true"
        className="svg-inline--fa fa-star fa-w-18 "
        color="gold"
        data-icon="star"
        data-prefix="fas"
        focusable="false"
        role="img"
        style={Object {}}
        viewBox="0 0 576 512"
        xmlns="http://www.w3.org/2000/svg"
      >
        <path
          d="M259.3 17.8L194 150.2 47.9 171.5c-26.2 3.8-36.7 36.1-17.7 54.6l105.7 103-25 145.5c-4.5 26.3 23.2 46 46.4 33.7L288 439.6l130.7 68.7c23.2 12.2 50.9-7.4 46.4-33.7l-25-145.5 105.7-103c19-18.5 8.5-50.8-17.7-54.6L382 150.2 316.7 17.8c-11.7-23.6-45.6-23.9-57.4 0z"
          fill="currentColor"
          style={Object {}}
        />
      </svg>
      <svg
        aria-hidden="true"
        className="svg-inline--fa fa-star fa-w-18 "
        color="gold"
        data-icon="star"
        data-prefix="fas"
        focusable="false"
        role="img"
        style={Object {}}
        viewBox="0 0 576 512"
        xmlns="http://www.w3.org/2000/svg"
      >
        <path
          d="M259.3 17.8L194 150.2 47.9 171.5c-26.2 3.8-36.7 36.1-17.7 54.6l105.7 103-25 145.5c-4.5 26.3 23.2 46 46.4 33.7L288 439.6l130.7 68.7c23.2 12.2 50.9-7.4 46.4-33.7l-25-145.5 105.7-103c19-18.5 8.5-50.8-17.7-54.6L382 150.2 316.7 17.8c-11.7-23.6-45.6-23.9-57.4 0z"
          fill="currentColor"
          style={Object {}}
        />
      </svg>
      <svg
        aria-hidden="true"
        className="svg-inline--fa fa-star fa-w-18 "
        color="gold"
        data-icon="star"
        data-prefix="fas"
        focusable="false"
        role="img"
        style={Object {}}
        viewBox="0 0 576 512"
        xmlns="http://www.w3.org/2000/svg"
      >
        <path
          d="M259.3 17.8L194 150.2 47.9 171.5c-26.2 3.8-36.7 36.1-17.7 54.6l105.7 103-25 145.5c-4.5 26.3 23.2 46 46.4 33.7L288 439.6l130.7 68.7c23.2 12.2 50.9-7.4 46.4-33.7l-25-145.5 105.7-103c19-18.5 8.5-50.8-17.7-54.6L382 150.2 316.7 17.8c-11.7-23.6-45.6-23.9-57.4 0z"
          fill="currentColor"
          style={Object {}}
        />
      </svg>
    </div>
    <img
      alt="A 2 Zee's"
      src="https://www.westernheights.k12.ok.us/wp-content/uploads/2020/01/No-Photo-Available.jpg"
      width="150"
    />
  </div>,
  <div>
    <h2
      className="text-grey"
    >
      Chic O Land
    </h2>
    <span
      className="text-grey"
    >
      Fast Food
       
    </span>
    <h2
      className="text-grey"
    >
      £
    </h2>
    <div>
      <svg
        aria-hidden="true"
        className="svg-inline--fa fa-star fa-w-18 "
        color="gold"
        data-icon="star"
        data-prefix="fas"
        focusable="false"
        role="img"
        style={Object {}}
        viewBox="0 0 576 512"
        xmlns="http://www.w3.org/2000/svg"
      >
        <path
          d="M259.3 17.8L194 150.2 47.9 171.5c-26.2 3.8-36.7 36.1-17.7 54.6l105.7 103-25 145.5c-4.5 26.3 23.2 46 46.4 33.7L288 439.6l130.7 68.7c23.2 12.2 50.9-7.4 46.4-33.7l-25-145.5 105.7-103c19-18.5 8.5-50.8-17.7-54.6L382 150.2 316.7 17.8c-11.7-23.6-45.6-23.9-57.4 0z"
          fill="currentColor"
          style={Object {}}
        />
      </svg>
      <svg
        aria-hidden="true"
        className="svg-inline--fa fa-star fa-w-18 "
        color="gold"
        data-icon="star"
        data-prefix="fas"
        focusable="false"
        role="img"
        style={Object {}}
        viewBox="0 0 576 512"
        xmlns="http://www.w3.org/2000/svg"
      >
        <path
          d="M259.3 17.8L194 150.2 47.9 171.5c-26.2 3.8-36.7 36.1-17.7 54.6l105.7 103-25 145.5c-4.5 26.3 23.2 46 46.4 33.7L288 439.6l130.7 68.7c23.2 12.2 50.9-7.4 46.4-33.7l-25-145.5 105.7-103c19-18.5 8.5-50.8-17.7-54.6L382 150.2 316.7 17.8c-11.7-23.6-45.6-23.9-57.4 0z"
          fill="currentColor"
          style={Object {}}
        />
      </svg>
    </div>
    <img
      alt="Chic O Land"
      src="https://www.westernheights.k12.ok.us/wp-content/uploads/2020/01/No-Photo-Available.jpg"
      width="150"
    />
  </div>,
  <div>
    <h2
      className="text-grey"
    >
      Tophill Caribean
    </h2>
    <span
      className="text-grey"
    >
      Caribbean
       
    </span>
    <h2
      className="text-grey"
    >
      No price rating available
    </h2>
    <div>
      <svg
        aria-hidden="true"
        className="svg-inline--fa fa-star fa-w-18 "
        color="gold"
        data-icon="star"
        data-prefix="fas"
        focusable="false"
        role="img"
        style={Object {}}
        viewBox="0 0 576 512"
        xmlns="http://www.w3.org/2000/svg"
      >
        <path
          d="M259.3 17.8L194 150.2 47.9 171.5c-26.2 3.8-36.7 36.1-17.7 54.6l105.7 103-25 145.5c-4.5 26.3 23.2 46 46.4 33.7L288 439.6l130.7 68.7c23.2 12.2 50.9-7.4 46.4-33.7l-25-145.5 105.7-103c19-18.5 8.5-50.8-17.7-54.6L382 150.2 316.7 17.8c-11.7-23.6-45.6-23.9-57.4 0z"
          fill="currentColor"
          style={Object {}}
        />
      </svg>
      <svg
        aria-hidden="true"
        className="svg-inline--fa fa-star fa-w-18 "
        color="gold"
        data-icon="star"
        data-prefix="fas"
        focusable="false"
        role="img"
        style={Object {}}
        viewBox="0 0 576 512"
        xmlns="http://www.w3.org/2000/svg"
      >
        <path
          d="M259.3 17.8L194 150.2 47.9 171.5c-26.2 3.8-36.7 36.1-17.7 54.6l105.7 103-25 145.5c-4.5 26.3 23.2 46 46.4 33.7L288 439.6l130.7 68.7c23.2 12.2 50.9-7.4 46.4-33.7l-25-145.5 105.7-103c19-18.5 8.5-50.8-17.7-54.6L382 150.2 316.7 17.8c-11.7-23.6-45.6-23.9-57.4 0z"
          fill="currentColor"
          style={Object {}}
        />
      </svg>
      <svg
        aria-hidden="true"
        className="svg-inline--fa fa-star fa-w-18 "
        color="gold"
        data-icon="star"
        data-prefix="fas"
        focusable="false"
        role="img"
        style={Object {}}
        viewBox="0 0 576 512"
        xmlns="http://www.w3.org/2000/svg"
      >
        <path
          d="M259.3 17.8L194 150.2 47.9 171.5c-26.2 3.8-36.7 36.1-17.7 54.6l105.7 103-25 145.5c-4.5 26.3 23.2 46 46.4 33.7L288 439.6l130.7 68.7c23.2 12.2 50.9-7.4 46.4-33.7l-25-145.5 105.7-103c19-18.5 8.5-50.8-17.7-54.6L382 150.2 316.7 17.8c-11.7-23.6-45.6-23.9-57.4 0z"
          fill="currentColor"
          style={Object {}}
        />
      </svg>
      <svg
        aria-hidden="true"
        className="svg-inline--fa fa-star fa-w-18 "
        color="gold"
        data-icon="star"
        data-prefix="fas"
        focusable="false"
        role="img"
        style={Object {}}
        viewBox="0 0 576 512"
        xmlns="http://www.w3.org/2000/svg"
      >
        <path
          d="M259.3 17.8L194 150.2 47.9 171.5c-26.2 3.8-36.7 36.1-17.7 54.6l105.7 103-25 145.5c-4.5 26.3 23.2 46 46.4 33.7L288 439.6l130.7 68.7c23.2 12.2 50.9-7.4 46.4-33.7l-25-145.5 105.7-103c19-18.5 8.5-50.8-17.7-54.6L382 150.2 316.7 17.8c-11.7-23.6-45.6-23.9-57.4 0z"
          fill="currentColor"
          style={Object {}}
        />
      </svg>
    </div>
    <img
      alt="Tophill Caribean"
      src="https://www.westernheights.k12.ok.us/wp-content/uploads/2020/01/No-Photo-Available.jpg"
      width="150"
    />
  </div>,
  <div>
    <h2
      className="text-grey"
    >
      Café Leemoo
    </h2>
    <span
      className="text-grey"
    >
      Coffee & Tea
       
    </span>
    <span
      className="text-grey"
    >
      , Breakfast & Brunch
       
    </span>
    <h2
      className="text-grey"
    >
      £
    </h2>
    <div>
      <svg
        aria-hidden="true"
        className="svg-inline--fa fa-star fa-w-18 "
        color="gold"
        data-icon="star"
        data-prefix="fas"
        focusable="false"
        role="img"
        style={Object {}}
        viewBox="0 0 576 512"
        xmlns="http://www.w3.org/2000/svg"
      >
        <path
          d="M259.3 17.8L194 150.2 47.9 171.5c-26.2 3.8-36.7 36.1-17.7 54.6l105.7 103-25 145.5c-4.5 26.3 23.2 46 46.4 33.7L288 439.6l130.7 68.7c23.2 12.2 50.9-7.4 46.4-33.7l-25-145.5 105.7-103c19-18.5 8.5-50.8-17.7-54.6L382 150.2 316.7 17.8c-11.7-23.6-45.6-23.9-57.4 0z"
          fill="currentColor"
          style={Object {}}
        />
      </svg>
      <svg
        aria-hidden="true"
        className="svg-inline--fa fa-star fa-w-18 "
        color="gold"
        data-icon="star"
        data-prefix="fas"
        focusable="false"
        role="img"
        style={Object {}}
        viewBox="0 0 576 512"
        xmlns="http://www.w3.org/2000/svg"
      >
        <path
          d="M259.3 17.8L194 150.2 47.9 171.5c-26.2 3.8-36.7 36.1-17.7 54.6l105.7 103-25 145.5c-4.5 26.3 23.2 46 46.4 33.7L288 439.6l130.7 68.7c23.2 12.2 50.9-7.4 46.4-33.7l-25-145.5 105.7-103c19-18.5 8.5-50.8-17.7-54.6L382 150.2 316.7 17.8c-11.7-23.6-45.6-23.9-57.4 0z"
          fill="currentColor"
          style={Object {}}
        />
      </svg>
      <svg
        aria-hidden="true"
        className="svg-inline--fa fa-star fa-w-18 "
        color="gold"
        data-icon="star"
        data-prefix="fas"
        focusable="false"
        role="img"
        style={Object {}}
        viewBox="0 0 576 512"
        xmlns="http://www.w3.org/2000/svg"
      >
        <path
          d="M259.3 17.8L194 150.2 47.9 171.5c-26.2 3.8-36.7 36.1-17.7 54.6l105.7 103-25 145.5c-4.5 26.3 23.2 46 46.4 33.7L288 439.6l130.7 68.7c23.2 12.2 50.9-7.4 46.4-33.7l-25-145.5 105.7-103c19-18.5 8.5-50.8-17.7-54.6L382 150.2 316.7 17.8c-11.7-23.6-45.6-23.9-57.4 0z"
          fill="currentColor"
          style={Object {}}
        />
      </svg>
      <svg
        aria-hidden="true"
        className="svg-inline--fa fa-star fa-w-18 "
        color="gold"
        data-icon="star"
        data-prefix="fas"
        focusable="false"
        role="img"
        style={Object {}}
        viewBox="0 0 576 512"
        xmlns="http://www.w3.org/2000/svg"
      >
        <path
          d="M259.3 17.8L194 150.2 47.9 171.5c-26.2 3.8-36.7 36.1-17.7 54.6l105.7 103-25 145.5c-4.5 26.3 23.2 46 46.4 33.7L288 439.6l130.7 68.7c23.2 12.2 50.9-7.4 46.4-33.7l-25-145.5 105.7-103c19-18.5 8.5-50.8-17.7-54.6L382 150.2 316.7 17.8c-11.7-23.6-45.6-23.9-57.4 0z"
          fill="currentColor"
          style={Object {}}
        />
      </svg>
      <svg
        aria-hidden="true"
        className="svg-inline--fa fa-star-half fa-w-18 "
        color="gold"
        data-icon="star-half"
        data-prefix="fas"
        focusable="false"
        role="img"
        style={Object {}}
        viewBox="0 0 576 512"
        xmlns="http://www.w3.org/2000/svg"
      >
        <path
          d="M288 0c-11.4 0-22.8 5.9-28.7 17.8L194 150.2 47.9 171.4c-26.2 3.8-36.7 36.1-17.7 54.6l105.7 103-25 145.5c-4.5 26.1 23 46 46.4 33.7L288 439.6V0z"
          fill="currentColor"
          style={Object {}}
        />
      </svg>
    </div>
    <img
      alt="Café Leemoo"
      src="https://s3-media1.fl.yelpcdn.com/bphoto/DJdYE-wD6xNjKav0GmbgKA/o.jpg"
      width="150"
    />
  </div>,
  <div>
    <h2
      className="text-grey"
    >
      Hilltop Roti
    </h2>
    <span
      className="text-grey"
    >
      Caribbean
       
    </span>
    <h2
      className="text-grey"
    >
      No price rating available
    </h2>
    <div>
      <svg
        aria-hidden="true"
        className="svg-inline--fa fa-star fa-w-18 "
        color="gold"
        data-icon="star"
        data-prefix="fas"
        focusable="false"
        role="img"
        style={Object {}}
        viewBox="0 0 576 512"
        xmlns="http://www.w3.org/2000/svg"
      >
        <path
          d="M259.3 17.8L194 150.2 47.9 171.5c-26.2 3.8-36.7 36.1-17.7 54.6l105.7 103-25 145.5c-4.5 26.3 23.2 46 46.4 33.7L288 439.6l130.7 68.7c23.2 12.2 50.9-7.4 46.4-33.7l-25-145.5 105.7-103c19-18.5 8.5-50.8-17.7-54.6L382 150.2 316.7 17.8c-11.7-23.6-45.6-23.9-57.4 0z"
          fill="currentColor"
          style={Object {}}
        />
      </svg>
      <svg
        aria-hidden="true"
        className="svg-inline--fa fa-star fa-w-18 "
        color="gold"
        data-icon="star"
        data-prefix="fas"
        focusable="false"
        role="img"
        style={Object {}}
        viewBox="0 0 576 512"
        xmlns="http://www.w3.org/2000/svg"
      >
        <path
          d="M259.3 17.8L194 150.2 47.9 171.5c-26.2 3.8-36.7 36.1-17.7 54.6l105.7 103-25 145.5c-4.5 26.3 23.2 46 46.4 33.7L288 439.6l130.7 68.7c23.2 12.2 50.9-7.4 46.4-33.7l-25-145.5 105.7-103c19-18.5 8.5-50.8-17.7-54.6L382 150.2 316.7 17.8c-11.7-23.6-45.6-23.9-57.4 0z"
          fill="currentColor"
          style={Object {}}
        />
      </svg>
      <svg
        aria-hidden="true"
        className="svg-inline--fa fa-star fa-w-18 "
        color="gold"
        data-icon="star"
        data-prefix="fas"
        focusable="false"
        role="img"
        style={Object {}}
        viewBox="0 0 576 512"
        xmlns="http://www.w3.org/2000/svg"
      >
        <path
          d="M259.3 17.8L194 150.2 47.9 171.5c-26.2 3.8-36.7 36.1-17.7 54.6l105.7 103-25 145.5c-4.5 26.3 23.2 46 46.4 33.7L288 439.6l130.7 68.7c23.2 12.2 50.9-7.4 46.4-33.7l-25-145.5 105.7-103c19-18.5 8.5-50.8-17.7-54.6L382 150.2 316.7 17.8c-11.7-23.6-45.6-23.9-57.4 0z"
          fill="currentColor"
          style={Object {}}
        />
      </svg>
      <svg
        aria-hidden="true"
        className="svg-inline--fa fa-star fa-w-18 "
        color="gold"
        data-icon="star"
        data-prefix="fas"
        focusable="false"
        role="img"
        style={Object {}}
        viewBox="0 0 576 512"
        xmlns="http://www.w3.org/2000/svg"
      >
        <path
          d="M259.3 17.8L194 150.2 47.9 171.5c-26.2 3.8-36.7 36.1-17.7 54.6l105.7 103-25 145.5c-4.5 26.3 23.2 46 46.4 33.7L288 439.6l130.7 68.7c23.2 12.2 50.9-7.4 46.4-33.7l-25-145.5 105.7-103c19-18.5 8.5-50.8-17.7-54.6L382 150.2 316.7 17.8c-11.7-23.6-45.6-23.9-57.4 0z"
          fill="currentColor"
          style={Object {}}
        />
      </svg>
      <svg
        aria-hidden="true"
        className="svg-inline--fa fa-star fa-w-18 "
        color="gold"
        data-icon="star"
        data-prefix="fas"
        focusable="false"
        role="img"
        style={Object {}}
        viewBox="0 0 576 512"
        xmlns="http://www.w3.org/2000/svg"
      >
        <path
          d="M259.3 17.8L194 150.2 47.9 171.5c-26.2 3.8-36.7 36.1-17.7 54.6l105.7 103-25 145.5c-4.5 26.3 23.2 46 46.4 33.7L288 439.6l130.7 68.7c23.2 12.2 50.9-7.4 46.4-33.7l-25-145.5 105.7-103c19-18.5 8.5-50.8-17.7-54.6L382 150.2 316.7 17.8c-11.7-23.6-45.6-23.9-57.4 0z"
          fill="currentColor"
          style={Object {}}
        />
      </svg>
    </div>
    <img
      alt="Hilltop Roti"
      src="https://s3-media1.fl.yelpcdn.com/bphoto/UKJka59PHw1KLvjIE2kvvA/o.jpg"
      width="150"
    />
  </div>,
  <div>
    <h2
      className="text-grey"
    >
      Subway
    </h2>
    <span
      className="text-grey"
    >
      Restaurants
       
    </span>
    <h2
      className="text-grey"
    >
      No price rating available
    </h2>
    <div>
      <svg
        aria-hidden="true"
        className="svg-inline--fa fa-star fa-w-18 "
        color="gold"
        data-icon="star"
        data-prefix="fas"
        focusable="false"
        role="img"
        style={Object {}}
        viewBox="0 0 576 512"
        xmlns="http://www.w3.org/2000/svg"
      >
        <path
          d="M259.3 17.8L194 150.2 47.9 171.5c-26.2 3.8-36.7 36.1-17.7 54.6l105.7 103-25 145.5c-4.5 26.3 23.2 46 46.4 33.7L288 439.6l130.7 68.7c23.2 12.2 50.9-7.4 46.4-33.7l-25-145.5 105.7-103c19-18.5 8.5-50.8-17.7-54.6L382 150.2 316.7 17.8c-11.7-23.6-45.6-23.9-57.4 0z"
          fill="currentColor"
          style={Object {}}
        />
      </svg>
      <svg
        aria-hidden="true"
        className="svg-inline--fa fa-star fa-w-18 "
        color="gold"
        data-icon="star"
        data-prefix="fas"
        focusable="false"
        role="img"
        style={Object {}}
        viewBox="0 0 576 512"
        xmlns="http://www.w3.org/2000/svg"
      >
        <path
          d="M259.3 17.8L194 150.2 47.9 171.5c-26.2 3.8-36.7 36.1-17.7 54.6l105.7 103-25 145.5c-4.5 26.3 23.2 46 46.4 33.7L288 439.6l130.7 68.7c23.2 12.2 50.9-7.4 46.4-33.7l-25-145.5 105.7-103c19-18.5 8.5-50.8-17.7-54.6L382 150.2 316.7 17.8c-11.7-23.6-45.6-23.9-57.4 0z"
          fill="currentColor"
          style={Object {}}
        />
      </svg>
      <svg
        aria-hidden="true"
        className="svg-inline--fa fa-star fa-w-18 "
        color="gold"
        data-icon="star"
        data-prefix="fas"
        focusable="false"
        role="img"
        style={Object {}}
        viewBox="0 0 576 512"
        xmlns="http://www.w3.org/2000/svg"
      >
        <path
          d="M259.3 17.8L194 150.2 47.9 171.5c-26.2 3.8-36.7 36.1-17.7 54.6l105.7 103-25 145.5c-4.5 26.3 23.2 46 46.4 33.7L288 439.6l130.7 68.7c23.2 12.2 50.9-7.4 46.4-33.7l-25-145.5 105.7-103c19-18.5 8.5-50.8-17.7-54.6L382 150.2 316.7 17.8c-11.7-23.6-45.6-23.9-57.4 0z"
          fill="currentColor"
          style={Object {}}
        />
      </svg>
      <svg
        aria-hidden="true"
        className="svg-inline--fa fa-star-half fa-w-18 "
        color="gold"
        data-icon="star-half"
        data-prefix="fas"
        focusable="false"
        role="img"
        style={Object {}}
        viewBox="0 0 576 512"
        xmlns="http://www.w3.org/2000/svg"
      >
        <path
          d="M288 0c-11.4 0-22.8 5.9-28.7 17.8L194 150.2 47.9 171.4c-26.2 3.8-36.7 36.1-17.7 54.6l105.7 103-25 145.5c-4.5 26.1 23 46 46.4 33.7L288 439.6V0z"
          fill="currentColor"
          style={Object {}}
        />
      </svg>
    </div>
    <img
      alt="Subway"
      src="https://www.westernheights.k12.ok.us/wp-content/uploads/2020/01/No-Photo-Available.jpg"
      width="150"
    />
  </div>,
  <div>
    <h2
      className="text-grey"
    >
      German Doner Kebab
    </h2>
    <span
      className="text-grey"
    >
      Fast Food
       
    </span>
    <span
      className="text-grey"
    >
      , German
       
    </span>
    <span
      className="text-grey"
    >
      , Kebab
       
    </span>
    <h2
      className="text-grey"
    >
      £
    </h2>
    <div>
      <svg
        aria-hidden="true"
        className="svg-inline--fa fa-star fa-w-18 "
        color="gold"
        data-icon="star"
        data-prefix="fas"
        focusable="false"
        role="img"
        style={Object {}}
        viewBox="0 0 576 512"
        xmlns="http://www.w3.org/2000/svg"
      >
        <path
          d="M259.3 17.8L194 150.2 47.9 171.5c-26.2 3.8-36.7 36.1-17.7 54.6l105.7 103-25 145.5c-4.5 26.3 23.2 46 46.4 33.7L288 439.6l130.7 68.7c23.2 12.2 50.9-7.4 46.4-33.7l-25-145.5 105.7-103c19-18.5 8.5-50.8-17.7-54.6L382 150.2 316.7 17.8c-11.7-23.6-45.6-23.9-57.4 0z"
          fill="currentColor"
          style={Object {}}
        />
      </svg>
      <svg
        aria-hidden="true"
        className="svg-inline--fa fa-star fa-w-18 "
        color="gold"
        data-icon="star"
        data-prefix="fas"
        focusable="false"
        role="img"
        style={Object {}}
        viewBox="0 0 576 512"
        xmlns="http://www.w3.org/2000/svg"
      >
        <path
          d="M259.3 17.8L194 150.2 47.9 171.5c-26.2 3.8-36.7 36.1-17.7 54.6l105.7 103-25 145.5c-4.5 26.3 23.2 46 46.4 33.7L288 439.6l130.7 68.7c23.2 12.2 50.9-7.4 46.4-33.7l-25-145.5 105.7-103c19-18.5 8.5-50.8-17.7-54.6L382 150.2 316.7 17.8c-11.7-23.6-45.6-23.9-57.4 0z"
          fill="currentColor"
          style={Object {}}
        />
      </svg>
      <svg
        aria-hidden="true"
        className="svg-inline--fa fa-star fa-w-18 "
        color="gold"
        data-icon="star"
        data-prefix="fas"
        focusable="false"
        role="img"
        style={Object {}}
        viewBox="0 0 576 512"
        xmlns="http://www.w3.org/2000/svg"
      >
        <path
          d="M259.3 17.8L194 150.2 47.9 171.5c-26.2 3.8-36.7 36.1-17.7 54.6l105.7 103-25 145.5c-4.5 26.3 23.2 46 46.4 33.7L288 439.6l130.7 68.7c23.2 12.2 50.9-7.4 46.4-33.7l-25-145.5 105.7-103c19-18.5 8.5-50.8-17.7-54.6L382 150.2 316.7 17.8c-11.7-23.6-45.6-23.9-57.4 0z"
          fill="currentColor"
          style={Object {}}
        />
      </svg>
      <svg
        aria-hidden="true"
        className="svg-inline--fa fa-star fa-w-18 "
        color="gold"
        data-icon="star"
        data-prefix="fas"
        focusable="false"
        role="img"
        style={Object {}}
        viewBox="0 0 576 512"
        xmlns="http://www.w3.org/2000/svg"
      >
        <path
          d="M259.3 17.8L194 150.2 47.9 171.5c-26.2 3.8-36.7 36.1-17.7 54.6l105.7 103-25 145.5c-4.5 26.3 23.2 46 46.4 33.7L288 439.6l130.7 68.7c23.2 12.2 50.9-7.4 46.4-33.7l-25-145.5 105.7-103c19-18.5 8.5-50.8-17.7-54.6L382 150.2 316.7 17.8c-11.7-23.6-45.6-23.9-57.4 0z"
          fill="currentColor"
          style={Object {}}
        />
      </svg>
    </div>
    <img
      alt="German Doner Kebab"
      src="https://s3-media3.fl.yelpcdn.com/bphoto/MDZkA6C7WULfk1lcIQcOyw/o.jpg"
      width="150"
    />
  </div>,
  <div>
    <h2
      className="text-grey"
    >
      Abu Zaad
    </h2>
    <span
      className="text-grey"
    >
      Arabian
       
    </span>
    <h2
      className="text-grey"
    >
      No price rating available
    </h2>
    <div>
      <svg
        aria-hidden="true"
        className="svg-inline--fa fa-star fa-w-18 "
        color="gold"
        data-icon="star"
        data-prefix="fas"
        focusable="false"
        role="img"
        style={Object {}}
        viewBox="0 0 576 512"
        xmlns="http://www.w3.org/2000/svg"
      >
        <path
          d="M259.3 17.8L194 150.2 47.9 171.5c-26.2 3.8-36.7 36.1-17.7 54.6l105.7 103-25 145.5c-4.5 26.3 23.2 46 46.4 33.7L288 439.6l130.7 68.7c23.2 12.2 50.9-7.4 46.4-33.7l-25-145.5 105.7-103c19-18.5 8.5-50.8-17.7-54.6L382 150.2 316.7 17.8c-11.7-23.6-45.6-23.9-57.4 0z"
          fill="currentColor"
          style={Object {}}
        />
      </svg>
      <svg
        aria-hidden="true"
        className="svg-inline--fa fa-star fa-w-18 "
        color="gold"
        data-icon="star"
        data-prefix="fas"
        focusable="false"
        role="img"
        style={Object {}}
        viewBox="0 0 576 512"
        xmlns="http://www.w3.org/2000/svg"
      >
        <path
          d="M259.3 17.8L194 150.2 47.9 171.5c-26.2 3.8-36.7 36.1-17.7 54.6l105.7 103-25 145.5c-4.5 26.3 23.2 46 46.4 33.7L288 439.6l130.7 68.7c23.2 12.2 50.9-7.4 46.4-33.7l-25-145.5 105.7-103c19-18.5 8.5-50.8-17.7-54.6L382 150.2 316.7 17.8c-11.7-23.6-45.6-23.9-57.4 0z"
          fill="currentColor"
          style={Object {}}
        />
      </svg>
      <svg
        aria-hidden="true"
        className="svg-inline--fa fa-star fa-w-18 "
        color="gold"
        data-icon="star"
        data-prefix="fas"
        focusable="false"
        role="img"
        style={Object {}}
        viewBox="0 0 576 512"
        xmlns="http://www.w3.org/2000/svg"
      >
        <path
          d="M259.3 17.8L194 150.2 47.9 171.5c-26.2 3.8-36.7 36.1-17.7 54.6l105.7 103-25 145.5c-4.5 26.3 23.2 46 46.4 33.7L288 439.6l130.7 68.7c23.2 12.2 50.9-7.4 46.4-33.7l-25-145.5 105.7-103c19-18.5 8.5-50.8-17.7-54.6L382 150.2 316.7 17.8c-11.7-23.6-45.6-23.9-57.4 0z"
          fill="currentColor"
          style={Object {}}
        />
      </svg>
      <svg
        aria-hidden="true"
        className="svg-inline--fa fa-star fa-w-18 "
        color="gold"
        data-icon="star"
        data-prefix="fas"
        focusable="false"
        role="img"
        style={Object {}}
        viewBox="0 0 576 512"
        xmlns="http://www.w3.org/2000/svg"
      >
        <path
          d="M259.3 17.8L194 150.2 47.9 171.5c-26.2 3.8-36.7 36.1-17.7 54.6l105.7 103-25 145.5c-4.5 26.3 23.2 46 46.4 33.7L288 439.6l130.7 68.7c23.2 12.2 50.9-7.4 46.4-33.7l-25-145.5 105.7-103c19-18.5 8.5-50.8-17.7-54.6L382 150.2 316.7 17.8c-11.7-23.6-45.6-23.9-57.4 0z"
          fill="currentColor"
          style={Object {}}
        />
      </svg>
    </div>
    <img
      alt="Abu Zaad"
      src="https://s3-media4.fl.yelpcdn.com/bphoto/9WkqiZ3m3Am13yQgdCGTfA/o.jpg"
      width="150"
    />
  </div>,
  <div>
    <h2
      className="text-grey"
    >
      Chicken Shop
    </h2>
    <span
      className="text-grey"
    >
      Fast Food
       
    </span>
    <h2
      className="text-grey"
    >
      No price rating available
    </h2>
    <div>
      <svg
        aria-hidden="true"
        className="svg-inline--fa fa-star fa-w-18 "
        color="gold"
        data-icon="star"
        data-prefix="fas"
        focusable="false"
        role="img"
        style={Object {}}
        viewBox="0 0 576 512"
        xmlns="http://www.w3.org/2000/svg"
      >
        <path
          d="M259.3 17.8L194 150.2 47.9 171.5c-26.2 3.8-36.7 36.1-17.7 54.6l105.7 103-25 145.5c-4.5 26.3 23.2 46 46.4 33.7L288 439.6l130.7 68.7c23.2 12.2 50.9-7.4 46.4-33.7l-25-145.5 105.7-103c19-18.5 8.5-50.8-17.7-54.6L382 150.2 316.7 17.8c-11.7-23.6-45.6-23.9-57.4 0z"
          fill="currentColor"
          style={Object {}}
        />
      </svg>
      <svg
        aria-hidden="true"
        className="svg-inline--fa fa-star fa-w-18 "
        color="gold"
        data-icon="star"
        data-prefix="fas"
        focusable="false"
        role="img"
        style={Object {}}
        viewBox="0 0 576 512"
        xmlns="http://www.w3.org/2000/svg"
      >
        <path
          d="M259.3 17.8L194 150.2 47.9 171.5c-26.2 3.8-36.7 36.1-17.7 54.6l105.7 103-25 145.5c-4.5 26.3 23.2 46 46.4 33.7L288 439.6l130.7 68.7c23.2 12.2 50.9-7.4 46.4-33.7l-25-145.5 105.7-103c19-18.5 8.5-50.8-17.7-54.6L382 150.2 316.7 17.8c-11.7-23.6-45.6-23.9-57.4 0z"
          fill="currentColor"
          style={Object {}}
        />
      </svg>
      <svg
        aria-hidden="true"
        className="svg-inline--fa fa-star fa-w-18 "
        color="gold"
        data-icon="star"
        data-prefix="fas"
        focusable="false"
        role="img"
        style={Object {}}
        viewBox="0 0 576 512"
        xmlns="http://www.w3.org/2000/svg"
      >
        <path
          d="M259.3 17.8L194 150.2 47.9 171.5c-26.2 3.8-36.7 36.1-17.7 54.6l105.7 103-25 145.5c-4.5 26.3 23.2 46 46.4 33.7L288 439.6l130.7 68.7c23.2 12.2 50.9-7.4 46.4-33.7l-25-145.5 105.7-103c19-18.5 8.5-50.8-17.7-54.6L382 150.2 316.7 17.8c-11.7-23.6-45.6-23.9-57.4 0z"
          fill="currentColor"
          style={Object {}}
        />
      </svg>
    </div>
    <img
      alt="Chicken Shop"
      src="https://s3-media3.fl.yelpcdn.com/bphoto/VyVo71R6O1eOr7uuUhZMlg/o.jpg"
      width="150"
    />
  </div>,
  <div>
    <h2
      className="text-grey"
    >
      Perfect Fried Chicken
    </h2>
    <span
      className="text-grey"
    >
      Fast Food
       
    </span>
    <h2
      className="text-grey"
    >
      No price rating available
    </h2>
    <div>
      <svg
        aria-hidden="true"
        className="svg-inline--fa fa-star fa-w-18 "
        color="gold"
        data-icon="star"
        data-prefix="fas"
        focusable="false"
        role="img"
        style={Object {}}
        viewBox="0 0 576 512"
        xmlns="http://www.w3.org/2000/svg"
      >
        <path
          d="M259.3 17.8L194 150.2 47.9 171.5c-26.2 3.8-36.7 36.1-17.7 54.6l105.7 103-25 145.5c-4.5 26.3 23.2 46 46.4 33.7L288 439.6l130.7 68.7c23.2 12.2 50.9-7.4 46.4-33.7l-25-145.5 105.7-103c19-18.5 8.5-50.8-17.7-54.6L382 150.2 316.7 17.8c-11.7-23.6-45.6-23.9-57.4 0z"
          fill="currentColor"
          style={Object {}}
        />
      </svg>
      <svg
        aria-hidden="true"
        className="svg-inline--fa fa-star fa-w-18 "
        color="gold"
        data-icon="star"
        data-prefix="fas"
        focusable="false"
        role="img"
        style={Object {}}
        viewBox="0 0 576 512"
        xmlns="http://www.w3.org/2000/svg"
      >
        <path
          d="M259.3 17.8L194 150.2 47.9 171.5c-26.2 3.8-36.7 36.1-17.7 54.6l105.7 103-25 145.5c-4.5 26.3 23.2 46 46.4 33.7L288 439.6l130.7 68.7c23.2 12.2 50.9-7.4 46.4-33.7l-25-145.5 105.7-103c19-18.5 8.5-50.8-17.7-54.6L382 150.2 316.7 17.8c-11.7-23.6-45.6-23.9-57.4 0z"
          fill="currentColor"
          style={Object {}}
        />
      </svg>
      <svg
        aria-hidden="true"
        className="svg-inline--fa fa-star fa-w-18 "
        color="gold"
        data-icon="star"
        data-prefix="fas"
        focusable="false"
        role="img"
        style={Object {}}
        viewBox="0 0 576 512"
        xmlns="http://www.w3.org/2000/svg"
      >
        <path
          d="M259.3 17.8L194 150.2 47.9 171.5c-26.2 3.8-36.7 36.1-17.7 54.6l105.7 103-25 145.5c-4.5 26.3 23.2 46 46.4 33.7L288 439.6l130.7 68.7c23.2 12.2 50.9-7.4 46.4-33.7l-25-145.5 105.7-103c19-18.5 8.5-50.8-17.7-54.6L382 150.2 316.7 17.8c-11.7-23.6-45.6-23.9-57.4 0z"
          fill="currentColor"
          style={Object {}}
        />
      </svg>
      <svg
        aria-hidden="true"
        className="svg-inline--fa fa-star fa-w-18 "
        color="gold"
        data-icon="star"
        data-prefix="fas"
        focusable="false"
        role="img"
        style={Object {}}
        viewBox="0 0 576 512"
        xmlns="http://www.w3.org/2000/svg"
      >
        <path
          d="M259.3 17.8L194 150.2 47.9 171.5c-26.2 3.8-36.7 36.1-17.7 54.6l105.7 103-25 145.5c-4.5 26.3 23.2 46 46.4 33.7L288 439.6l130.7 68.7c23.2 12.2 50.9-7.4 46.4-33.7l-25-145.5 105.7-103c19-18.5 8.5-50.8-17.7-54.6L382 150.2 316.7 17.8c-11.7-23.6-45.6-23.9-57.4 0z"
          fill="currentColor"
          style={Object {}}
        />
      </svg>
    </div>
    <img
      alt="Perfect Fried Chicken"
      src="https://s3-media4.fl.yelpcdn.com/bphoto/CbrYlCY2-BfGpkoE7DwoiA/o.jpg"
      width="150"
    />
  </div>,
  <div>
    <h2
      className="text-grey"
    >
      Spicy King
    </h2>
    <span
      className="text-grey"
    >
      Fast Food
       
    </span>
    <h2
      className="text-grey"
    >
      ££
    </h2>
    <div>
      <svg
        aria-hidden="true"
        className="svg-inline--fa fa-star fa-w-18 "
        color="gold"
        data-icon="star"
        data-prefix="fas"
        focusable="false"
        role="img"
        style={Object {}}
        viewBox="0 0 576 512"
        xmlns="http://www.w3.org/2000/svg"
      >
        <path
          d="M259.3 17.8L194 150.2 47.9 171.5c-26.2 3.8-36.7 36.1-17.7 54.6l105.7 103-25 145.5c-4.5 26.3 23.2 46 46.4 33.7L288 439.6l130.7 68.7c23.2 12.2 50.9-7.4 46.4-33.7l-25-145.5 105.7-103c19-18.5 8.5-50.8-17.7-54.6L382 150.2 316.7 17.8c-11.7-23.6-45.6-23.9-57.4 0z"
          fill="currentColor"
          style={Object {}}
        />
      </svg>
      <svg
        aria-hidden="true"
        className="svg-inline--fa fa-star fa-w-18 "
        color="gold"
        data-icon="star"
        data-prefix="fas"
        focusable="false"
        role="img"
        style={Object {}}
        viewBox="0 0 576 512"
        xmlns="http://www.w3.org/2000/svg"
      >
        <path
          d="M259.3 17.8L194 150.2 47.9 171.5c-26.2 3.8-36.7 36.1-17.7 54.6l105.7 103-25 145.5c-4.5 26.3 23.2 46 46.4 33.7L288 439.6l130.7 68.7c23.2 12.2 50.9-7.4 46.4-33.7l-25-145.5 105.7-103c19-18.5 8.5-50.8-17.7-54.6L382 150.2 316.7 17.8c-11.7-23.6-45.6-23.9-57.4 0z"
          fill="currentColor"
          style={Object {}}
        />
      </svg>
      <svg
        aria-hidden="true"
        className="svg-inline--fa fa-star-half fa-w-18 "
        color="gold"
        data-icon="star-half"
        data-prefix="fas"
        focusable="false"
        role="img"
        style={Object {}}
        viewBox="0 0 576 512"
        xmlns="http://www.w3.org/2000/svg"
      >
        <path
          d="M288 0c-11.4 0-22.8 5.9-28.7 17.8L194 150.2 47.9 171.4c-26.2 3.8-36.7 36.1-17.7 54.6l105.7 103-25 145.5c-4.5 26.1 23 46 46.4 33.7L288 439.6V0z"
          fill="currentColor"
          style={Object {}}
        />
      </svg>
    </div>
    <img
      alt="Spicy King"
      src="https://www.westernheights.k12.ok.us/wp-content/uploads/2020/01/No-Photo-Available.jpg"
      width="150"
    />
  </div>,
  <div>
    <h2
      className="text-grey"
    >
      Ealing Mangal Restaurant
    </h2>
    <span
      className="text-grey"
    >
      Turkish
       
    </span>
    <h2
      className="text-grey"
    >
      No price rating available
    </h2>
    <div>
      <svg
        aria-hidden="true"
        className="svg-inline--fa fa-star fa-w-18 "
        color="gold"
        data-icon="star"
        data-prefix="fas"
        focusable="false"
        role="img"
        style={Object {}}
        viewBox="0 0 576 512"
        xmlns="http://www.w3.org/2000/svg"
      >
        <path
          d="M259.3 17.8L194 150.2 47.9 171.5c-26.2 3.8-36.7 36.1-17.7 54.6l105.7 103-25 145.5c-4.5 26.3 23.2 46 46.4 33.7L288 439.6l130.7 68.7c23.2 12.2 50.9-7.4 46.4-33.7l-25-145.5 105.7-103c19-18.5 8.5-50.8-17.7-54.6L382 150.2 316.7 17.8c-11.7-23.6-45.6-23.9-57.4 0z"
          fill="currentColor"
          style={Object {}}
        />
      </svg>
      <svg
        aria-hidden="true"
        className="svg-inline--fa fa-star fa-w-18 "
        color="gold"
        data-icon="star"
        data-prefix="fas"
        focusable="false"
        role="img"
        style={Object {}}
        viewBox="0 0 576 512"
        xmlns="http://www.w3.org/2000/svg"
      >
        <path
          d="M259.3 17.8L194 150.2 47.9 171.5c-26.2 3.8-36.7 36.1-17.7 54.6l105.7 103-25 145.5c-4.5 26.3 23.2 46 46.4 33.7L288 439.6l130.7 68.7c23.2 12.2 50.9-7.4 46.4-33.7l-25-145.5 105.7-103c19-18.5 8.5-50.8-17.7-54.6L382 150.2 316.7 17.8c-11.7-23.6-45.6-23.9-57.4 0z"
          fill="currentColor"
          style={Object {}}
        />
      </svg>
      <svg
        aria-hidden="true"
        className="svg-inline--fa fa-star fa-w-18 "
        color="gold"
        data-icon="star"
        data-prefix="fas"
        focusable="false"
        role="img"
        style={Object {}}
        viewBox="0 0 576 512"
        xmlns="http://www.w3.org/2000/svg"
      >
        <path
          d="M259.3 17.8L194 150.2 47.9 171.5c-26.2 3.8-36.7 36.1-17.7 54.6l105.7 103-25 145.5c-4.5 26.3 23.2 46 46.4 33.7L288 439.6l130.7 68.7c23.2 12.2 50.9-7.4 46.4-33.7l-25-145.5 105.7-103c19-18.5 8.5-50.8-17.7-54.6L382 150.2 316.7 17.8c-11.7-23.6-45.6-23.9-57.4 0z"
          fill="currentColor"
          style={Object {}}
        />
      </svg>
      <svg
        aria-hidden="true"
        className="svg-inline--fa fa-star fa-w-18 "
        color="gold"
        data-icon="star"
        data-prefix="fas"
        focusable="false"
        role="img"
        style={Object {}}
        viewBox="0 0 576 512"
        xmlns="http://www.w3.org/2000/svg"
      >
        <path
          d="M259.3 17.8L194 150.2 47.9 171.5c-26.2 3.8-36.7 36.1-17.7 54.6l105.7 103-25 145.5c-4.5 26.3 23.2 46 46.4 33.7L288 439.6l130.7 68.7c23.2 12.2 50.9-7.4 46.4-33.7l-25-145.5 105.7-103c19-18.5 8.5-50.8-17.7-54.6L382 150.2 316.7 17.8c-11.7-23.6-45.6-23.9-57.4 0z"
          fill="currentColor"
          style={Object {}}
        />
      </svg>
      <svg
        aria-hidden="true"
        className="svg-inline--fa fa-star-half fa-w-18 "
        color="gold"
        data-icon="star-half"
        data-prefix="fas"
        focusable="false"
        role="img"
        style={Object {}}
        viewBox="0 0 576 512"
        xmlns="http://www.w3.org/2000/svg"
      >
        <path
          d="M288 0c-11.4 0-22.8 5.9-28.7 17.8L194 150.2 47.9 171.4c-26.2 3.8-36.7 36.1-17.7 54.6l105.7 103-25 145.5c-4.5 26.1 23 46 46.4 33.7L288 439.6V0z"
          fill="currentColor"
          style={Object {}}
        />
      </svg>
    </div>
    <img
      alt="Ealing Mangal Restaurant"
      src="https://s3-media3.fl.yelpcdn.com/bphoto/hdY-1cql-NaRGcM-nMXQDw/o.jpg"
      width="150"
    />
  </div>,
  <div>
    <h2
      className="text-grey"
    >
      Lahore Village Tandoori Restaurant
    </h2>
    <span
      className="text-grey"
    >
      Indian
       
    </span>
    <h2
      className="text-grey"
    >
      No price rating available
    </h2>
    <div>
      <svg
        aria-hidden="true"
        className="svg-inline--fa fa-star fa-w-18 "
        color="gold"
        data-icon="star"
        data-prefix="fas"
        focusable="false"
        role="img"
        style={Object {}}
        viewBox="0 0 576 512"
        xmlns="http://www.w3.org/2000/svg"
      >
        <path
          d="M259.3 17.8L194 150.2 47.9 171.5c-26.2 3.8-36.7 36.1-17.7 54.6l105.7 103-25 145.5c-4.5 26.3 23.2 46 46.4 33.7L288 439.6l130.7 68.7c23.2 12.2 50.9-7.4 46.4-33.7l-25-145.5 105.7-103c19-18.5 8.5-50.8-17.7-54.6L382 150.2 316.7 17.8c-11.7-23.6-45.6-23.9-57.4 0z"
          fill="currentColor"
          style={Object {}}
        />
      </svg>
      <svg
        aria-hidden="true"
        className="svg-inline--fa fa-star fa-w-18 "
        color="gold"
        data-icon="star"
        data-prefix="fas"
        focusable="false"
        role="img"
        style={Object {}}
        viewBox="0 0 576 512"
        xmlns="http://www.w3.org/2000/svg"
      >
        <path
          d="M259.3 17.8L194 150.2 47.9 171.5c-26.2 3.8-36.7 36.1-17.7 54.6l105.7 103-25 145.5c-4.5 26.3 23.2 46 46.4 33.7L288 439.6l130.7 68.7c23.2 12.2 50.9-7.4 46.4-33.7l-25-145.5 105.7-103c19-18.5 8.5-50.8-17.7-54.6L382 150.2 316.7 17.8c-11.7-23.6-45.6-23.9-57.4 0z"
          fill="currentColor"
          style={Object {}}
        />
      </svg>
      <svg
        aria-hidden="true"
        className="svg-inline--fa fa-star fa-w-18 "
        color="gold"
        data-icon="star"
        data-prefix="fas"
        focusable="false"
        role="img"
        style={Object {}}
        viewBox="0 0 576 512"
        xmlns="http://www.w3.org/2000/svg"
      >
        <path
          d="M259.3 17.8L194 150.2 47.9 171.5c-26.2 3.8-36.7 36.1-17.7 54.6l105.7 103-25 145.5c-4.5 26.3 23.2 46 46.4 33.7L288 439.6l130.7 68.7c23.2 12.2 50.9-7.4 46.4-33.7l-25-145.5 105.7-103c19-18.5 8.5-50.8-17.7-54.6L382 150.2 316.7 17.8c-11.7-23.6-45.6-23.9-57.4 0z"
          fill="currentColor"
          style={Object {}}
        />
      </svg>
    </div>
    <img
      alt="Lahore Village Tandoori Restaurant"
      src="https://www.westernheights.k12.ok.us/wp-content/uploads/2020/01/No-Photo-Available.jpg"
      width="150"
    />
  </div>,
  <div>
    <h2
      className="text-grey"
    >
      Gospoda Vita
    </h2>
    <span
      className="text-grey"
    >
      Polish
       
    </span>
    <h2
      className="text-grey"
    >
      No price rating available
    </h2>
    <div>
      <svg
        aria-hidden="true"
        className="svg-inline--fa fa-star fa-w-18 "
        color="gold"
        data-icon="star"
        data-prefix="fas"
        focusable="false"
        role="img"
        style={Object {}}
        viewBox="0 0 576 512"
        xmlns="http://www.w3.org/2000/svg"
      >
        <path
          d="M259.3 17.8L194 150.2 47.9 171.5c-26.2 3.8-36.7 36.1-17.7 54.6l105.7 103-25 145.5c-4.5 26.3 23.2 46 46.4 33.7L288 439.6l130.7 68.7c23.2 12.2 50.9-7.4 46.4-33.7l-25-145.5 105.7-103c19-18.5 8.5-50.8-17.7-54.6L382 150.2 316.7 17.8c-11.7-23.6-45.6-23.9-57.4 0z"
          fill="currentColor"
          style={Object {}}
        />
      </svg>
      <svg
        aria-hidden="true"
        className="svg-inline--fa fa-star fa-w-18 "
        color="gold"
        data-icon="star"
        data-prefix="fas"
        focusable="false"
        role="img"
        style={Object {}}
        viewBox="0 0 576 512"
        xmlns="http://www.w3.org/2000/svg"
      >
        <path
          d="M259.3 17.8L194 150.2 47.9 171.5c-26.2 3.8-36.7 36.1-17.7 54.6l105.7 103-25 145.5c-4.5 26.3 23.2 46 46.4 33.7L288 439.6l130.7 68.7c23.2 12.2 50.9-7.4 46.4-33.7l-25-145.5 105.7-103c19-18.5 8.5-50.8-17.7-54.6L382 150.2 316.7 17.8c-11.7-23.6-45.6-23.9-57.4 0z"
          fill="currentColor"
          style={Object {}}
        />
      </svg>
      <svg
        aria-hidden="true"
        className="svg-inline--fa fa-star fa-w-18 "
        color="gold"
        data-icon="star"
        data-prefix="fas"
        focusable="false"
        role="img"
        style={Object {}}
        viewBox="0 0 576 512"
        xmlns="http://www.w3.org/2000/svg"
      >
        <path
          d="M259.3 17.8L194 150.2 47.9 171.5c-26.2 3.8-36.7 36.1-17.7 54.6l105.7 103-25 145.5c-4.5 26.3 23.2 46 46.4 33.7L288 439.6l130.7 68.7c23.2 12.2 50.9-7.4 46.4-33.7l-25-145.5 105.7-103c19-18.5 8.5-50.8-17.7-54.6L382 150.2 316.7 17.8c-11.7-23.6-45.6-23.9-57.4 0z"
          fill="currentColor"
          style={Object {}}
        />
      </svg>
      <svg
        aria-hidden="true"
        className="svg-inline--fa fa-star-half fa-w-18 "
        color="gold"
        data-icon="star-half"
        data-prefix="fas"
        focusable="false"
        role="img"
        style={Object {}}
        viewBox="0 0 576 512"
        xmlns="http://www.w3.org/2000/svg"
      >
        <path
          d="M288 0c-11.4 0-22.8 5.9-28.7 17.8L194 150.2 47.9 171.4c-26.2 3.8-36.7 36.1-17.7 54.6l105.7 103-25 145.5c-4.5 26.1 23 46 46.4 33.7L288 439.6V0z"
          fill="currentColor"
          style={Object {}}
        />
      </svg>
    </div>
    <img
      alt="Gospoda Vita"
      src="https://www.westernheights.k12.ok.us/wp-content/uploads/2020/01/No-Photo-Available.jpg"
      width="150"
    />
  </div>,
  <div>
    <h2
      className="text-grey"
    >
      Y Ariba Y Ariba
    </h2>
    <span
      className="text-grey"
    >
      Mexican
       
    </span>
    <h2
      className="text-grey"
    >
      No price rating available
    </h2>
    <div>
      <svg
        aria-hidden="true"
        className="svg-inline--fa fa-star fa-w-18 "
        color="gold"
        data-icon="star"
        data-prefix="fas"
        focusable="false"
        role="img"
        style={Object {}}
        viewBox="0 0 576 512"
        xmlns="http://www.w3.org/2000/svg"
      >
        <path
          d="M259.3 17.8L194 150.2 47.9 171.5c-26.2 3.8-36.7 36.1-17.7 54.6l105.7 103-25 145.5c-4.5 26.3 23.2 46 46.4 33.7L288 439.6l130.7 68.7c23.2 12.2 50.9-7.4 46.4-33.7l-25-145.5 105.7-103c19-18.5 8.5-50.8-17.7-54.6L382 150.2 316.7 17.8c-11.7-23.6-45.6-23.9-57.4 0z"
          fill="currentColor"
          style={Object {}}
        />
      </svg>
    </div>
    <img
      alt="Y Ariba Y Ariba"
      src="https://www.westernheights.k12.ok.us/wp-content/uploads/2020/01/No-Photo-Available.jpg"
      width="150"
    />
  </div>,
  <div>
    <h2
      className="text-grey"
    >
      Ealing Kebab
    </h2>
    <span
      className="text-grey"
    >
      Fast Food
       
    </span>
    <span
      className="text-grey"
    >
      , Kebab
       
    </span>
    <h2
      className="text-grey"
    >
      ££
    </h2>
    <div>
      <svg
        aria-hidden="true"
        className="svg-inline--fa fa-star fa-w-18 "
        color="gold"
        data-icon="star"
        data-prefix="fas"
        focusable="false"
        role="img"
        style={Object {}}
        viewBox="0 0 576 512"
        xmlns="http://www.w3.org/2000/svg"
      >
        <path
          d="M259.3 17.8L194 150.2 47.9 171.5c-26.2 3.8-36.7 36.1-17.7 54.6l105.7 103-25 145.5c-4.5 26.3 23.2 46 46.4 33.7L288 439.6l130.7 68.7c23.2 12.2 50.9-7.4 46.4-33.7l-25-145.5 105.7-103c19-18.5 8.5-50.8-17.7-54.6L382 150.2 316.7 17.8c-11.7-23.6-45.6-23.9-57.4 0z"
          fill="currentColor"
          style={Object {}}
        />
      </svg>
      <svg
        aria-hidden="true"
        className="svg-inline--fa fa-star fa-w-18 "
        color="gold"
        data-icon="star"
        data-prefix="fas"
        focusable="false"
        role="img"
        style={Object {}}
        viewBox="0 0 576 512"
        xmlns="http://www.w3.org/2000/svg"
      >
        <path
          d="M259.3 17.8L194 150.2 47.9 171.5c-26.2 3.8-36.7 36.1-17.7 54.6l105.7 103-25 145.5c-4.5 26.3 23.2 46 46.4 33.7L288 439.6l130.7 68.7c23.2 12.2 50.9-7.4 46.4-33.7l-25-145.5 105.7-103c19-18.5 8.5-50.8-17.7-54.6L382 150.2 316.7 17.8c-11.7-23.6-45.6-23.9-57.4 0z"
          fill="currentColor"
          style={Object {}}
        />
      </svg>
      <svg
        aria-hidden="true"
        className="svg-inline--fa fa-star fa-w-18 "
        color="gold"
        data-icon="star"
        data-prefix="fas"
        focusable="false"
        role="img"
        style={Object {}}
        viewBox="0 0 576 512"
        xmlns="http://www.w3.org/2000/svg"
      >
        <path
          d="M259.3 17.8L194 150.2 47.9 171.5c-26.2 3.8-36.7 36.1-17.7 54.6l105.7 103-25 145.5c-4.5 26.3 23.2 46 46.4 33.7L288 439.6l130.7 68.7c23.2 12.2 50.9-7.4 46.4-33.7l-25-145.5 105.7-103c19-18.5 8.5-50.8-17.7-54.6L382 150.2 316.7 17.8c-11.7-23.6-45.6-23.9-57.4 0z"
          fill="currentColor"
          style={Object {}}
        />
      </svg>
      <svg
        aria-hidden="true"
        className="svg-inline--fa fa-star fa-w-18 "
        color="gold"
        data-icon="star"
        data-prefix="fas"
        focusable="false"
        role="img"
        style={Object {}}
        viewBox="0 0 576 512"
        xmlns="http://www.w3.org/2000/svg"
      >
        <path
          d="M259.3 17.8L194 150.2 47.9 171.5c-26.2 3.8-36.7 36.1-17.7 54.6l105.7 103-25 145.5c-4.5 26.3 23.2 46 46.4 33.7L288 439.6l130.7 68.7c23.2 12.2 50.9-7.4 46.4-33.7l-25-145.5 105.7-103c19-18.5 8.5-50.8-17.7-54.6L382 150.2 316.7 17.8c-11.7-23.6-45.6-23.9-57.4 0z"
          fill="currentColor"
          style={Object {}}
        />
      </svg>
    </div>
    <img
      alt="Ealing Kebab"
      src="https://www.westernheights.k12.ok.us/wp-content/uploads/2020/01/No-Photo-Available.jpg"
      width="150"
    />
  </div>,
  <div>
    <h2
      className="text-grey"
    >
      China Garden
    </h2>
    <span
      className="text-grey"
    >
      Chinese
       
    </span>
    <h2
      className="text-grey"
    >
      £
    </h2>
    <div>
      <svg
        aria-hidden="true"
        className="svg-inline--fa fa-star fa-w-18 "
        color="gold"
        data-icon="star"
        data-prefix="fas"
        focusable="false"
        role="img"
        style={Object {}}
        viewBox="0 0 576 512"
        xmlns="http://www.w3.org/2000/svg"
      >
        <path
          d="M259.3 17.8L194 150.2 47.9 171.5c-26.2 3.8-36.7 36.1-17.7 54.6l105.7 103-25 145.5c-4.5 26.3 23.2 46 46.4 33.7L288 439.6l130.7 68.7c23.2 12.2 50.9-7.4 46.4-33.7l-25-145.5 105.7-103c19-18.5 8.5-50.8-17.7-54.6L382 150.2 316.7 17.8c-11.7-23.6-45.6-23.9-57.4 0z"
          fill="currentColor"
          style={Object {}}
        />
      </svg>
      <svg
        aria-hidden="true"
        className="svg-inline--fa fa-star-half fa-w-18 "
        color="gold"
        data-icon="star-half"
        data-prefix="fas"
        focusable="false"
        role="img"
        style={Object {}}
        viewBox="0 0 576 512"
        xmlns="http://www.w3.org/2000/svg"
      >
        <path
          d="M288 0c-11.4 0-22.8 5.9-28.7 17.8L194 150.2 47.9 171.4c-26.2 3.8-36.7 36.1-17.7 54.6l105.7 103-25 145.5c-4.5 26.1 23 46 46.4 33.7L288 439.6V0z"
          fill="currentColor"
          style={Object {}}
        />
      </svg>
    </div>
    <img
      alt="China Garden"
      src="https://s3-media1.fl.yelpcdn.com/bphoto/xJlkSor1LAgNm7tcXw278Q/o.jpg"
      width="150"
    />
  </div>,
  <div>
    <h2
      className="text-grey"
    >
      KFC
    </h2>
    <span
      className="text-grey"
    >
      Fast Food
       
    </span>
    <span
      className="text-grey"
    >
      , Chicken Shop
       
    </span>
    <span
      className="text-grey"
    >
      , Chicken Wings
       
    </span>
    <h2
      className="text-grey"
    >
      £
    </h2>
    <div>
      <svg
        aria-hidden="true"
        className="svg-inline--fa fa-star fa-w-18 "
        color="gold"
        data-icon="star"
        data-prefix="fas"
        focusable="false"
        role="img"
        style={Object {}}
        viewBox="0 0 576 512"
        xmlns="http://www.w3.org/2000/svg"
      >
        <path
          d="M259.3 17.8L194 150.2 47.9 171.5c-26.2 3.8-36.7 36.1-17.7 54.6l105.7 103-25 145.5c-4.5 26.3 23.2 46 46.4 33.7L288 439.6l130.7 68.7c23.2 12.2 50.9-7.4 46.4-33.7l-25-145.5 105.7-103c19-18.5 8.5-50.8-17.7-54.6L382 150.2 316.7 17.8c-11.7-23.6-45.6-23.9-57.4 0z"
          fill="currentColor"
          style={Object {}}
        />
      </svg>
      <svg
        aria-hidden="true"
        className="svg-inline--fa fa-star fa-w-18 "
        color="gold"
        data-icon="star"
        data-prefix="fas"
        focusable="false"
        role="img"
        style={Object {}}
        viewBox="0 0 576 512"
        xmlns="http://www.w3.org/2000/svg"
      >
        <path
          d="M259.3 17.8L194 150.2 47.9 171.5c-26.2 3.8-36.7 36.1-17.7 54.6l105.7 103-25 145.5c-4.5 26.3 23.2 46 46.4 33.7L288 439.6l130.7 68.7c23.2 12.2 50.9-7.4 46.4-33.7l-25-145.5 105.7-103c19-18.5 8.5-50.8-17.7-54.6L382 150.2 316.7 17.8c-11.7-23.6-45.6-23.9-57.4 0z"
          fill="currentColor"
          style={Object {}}
        />
      </svg>
      <svg
        aria-hidden="true"
        className="svg-inline--fa fa-star fa-w-18 "
        color="gold"
        data-icon="star"
        data-prefix="fas"
        focusable="false"
        role="img"
        style={Object {}}
        viewBox="0 0 576 512"
        xmlns="http://www.w3.org/2000/svg"
      >
        <path
          d="M259.3 17.8L194 150.2 47.9 171.5c-26.2 3.8-36.7 36.1-17.7 54.6l105.7 103-25 145.5c-4.5 26.3 23.2 46 46.4 33.7L288 439.6l130.7 68.7c23.2 12.2 50.9-7.4 46.4-33.7l-25-145.5 105.7-103c19-18.5 8.5-50.8-17.7-54.6L382 150.2 316.7 17.8c-11.7-23.6-45.6-23.9-57.4 0z"
          fill="currentColor"
          style={Object {}}
        />
      </svg>
    </div>
    <img
      alt="KFC"
      src="https://www.westernheights.k12.ok.us/wp-content/uploads/2020/01/No-Photo-Available.jpg"
      width="150"
    />
  </div>,
  <div>
    <h2
      className="text-grey"
    >
      Silva Caribbean and Latin American Cuisine
    </h2>
    <span
      className="text-grey"
    >
      Latin American
       
    </span>
    <span
      className="text-grey"
    >
      , Caribbean
       
    </span>
    <h2
      className="text-grey"
    >
      £
    </h2>
    <div>
      <svg
        aria-hidden="true"
        className="svg-inline--fa fa-star fa-w-18 "
        color="gold"
        data-icon="star"
        data-prefix="fas"
        focusable="false"
        role="img"
        style={Object {}}
        viewBox="0 0 576 512"
        xmlns="http://www.w3.org/2000/svg"
      >
        <path
          d="M259.3 17.8L194 150.2 47.9 171.5c-26.2 3.8-36.7 36.1-17.7 54.6l105.7 103-25 145.5c-4.5 26.3 23.2 46 46.4 33.7L288 439.6l130.7 68.7c23.2 12.2 50.9-7.4 46.4-33.7l-25-145.5 105.7-103c19-18.5 8.5-50.8-17.7-54.6L382 150.2 316.7 17.8c-11.7-23.6-45.6-23.9-57.4 0z"
          fill="currentColor"
          style={Object {}}
        />
      </svg>
      <svg
        aria-hidden="true"
        className="svg-inline--fa fa-star fa-w-18 "
        color="gold"
        data-icon="star"
        data-prefix="fas"
        focusable="false"
        role="img"
        style={Object {}}
        viewBox="0 0 576 512"
        xmlns="http://www.w3.org/2000/svg"
      >
        <path
          d="M259.3 17.8L194 150.2 47.9 171.5c-26.2 3.8-36.7 36.1-17.7 54.6l105.7 103-25 145.5c-4.5 26.3 23.2 46 46.4 33.7L288 439.6l130.7 68.7c23.2 12.2 50.9-7.4 46.4-33.7l-25-145.5 105.7-103c19-18.5 8.5-50.8-17.7-54.6L382 150.2 316.7 17.8c-11.7-23.6-45.6-23.9-57.4 0z"
          fill="currentColor"
          style={Object {}}
        />
      </svg>
      <svg
        aria-hidden="true"
        className="svg-inline--fa fa-star fa-w-18 "
        color="gold"
        data-icon="star"
        data-prefix="fas"
        focusable="false"
        role="img"
        style={Object {}}
        viewBox="0 0 576 512"
        xmlns="http://www.w3.org/2000/svg"
      >
        <path
          d="M259.3 17.8L194 150.2 47.9 171.5c-26.2 3.8-36.7 36.1-17.7 54.6l105.7 103-25 145.5c-4.5 26.3 23.2 46 46.4 33.7L288 439.6l130.7 68.7c23.2 12.2 50.9-7.4 46.4-33.7l-25-145.5 105.7-103c19-18.5 8.5-50.8-17.7-54.6L382 150.2 316.7 17.8c-11.7-23.6-45.6-23.9-57.4 0z"
          fill="currentColor"
          style={Object {}}
        />
      </svg>
      <svg
        aria-hidden="true"
        className="svg-inline--fa fa-star-half fa-w-18 "
        color="gold"
        data-icon="star-half"
        data-prefix="fas"
        focusable="false"
        role="img"
        style={Object {}}
        viewBox="0 0 576 512"
        xmlns="http://www.w3.org/2000/svg"
      >
        <path
          d="M288 0c-11.4 0-22.8 5.9-28.7 17.8L194 150.2 47.9 171.4c-26.2 3.8-36.7 36.1-17.7 54.6l105.7 103-25 145.5c-4.5 26.1 23 46 46.4 33.7L288 439.6V0z"
          fill="currentColor"
          style={Object {}}
        />
      </svg>
    </div>
    <img
      alt="Silva Caribbean and Latin American Cuisine"
      src="https://s3-media2.fl.yelpcdn.com/bphoto/duOBkplrtGU3x7i46tSELQ/o.jpg"
      width="150"
    />
  </div>,
  <div>
    <h2
      className="text-grey"
    >
      Ealing Balti House
    </h2>
    <span
      className="text-grey"
    >
      Indian
       
    </span>
    <span
      className="text-grey"
    >
      , Pakistani
       
    </span>
    <h2
      className="text-grey"
    >
      ££
    </h2>
    <div>
      <svg
        aria-hidden="true"
        className="svg-inline--fa fa-star fa-w-18 "
        color="gold"
        data-icon="star"
        data-prefix="fas"
        focusable="false"
        role="img"
        style={Object {}}
        viewBox="0 0 576 512"
        xmlns="http://www.w3.org/2000/svg"
      >
        <path
          d="M259.3 17.8L194 150.2 47.9 171.5c-26.2 3.8-36.7 36.1-17.7 54.6l105.7 103-25 145.5c-4.5 26.3 23.2 46 46.4 33.7L288 439.6l130.7 68.7c23.2 12.2 50.9-7.4 46.4-33.7l-25-145.5 105.7-103c19-18.5 8.5-50.8-17.7-54.6L382 150.2 316.7 17.8c-11.7-23.6-45.6-23.9-57.4 0z"
          fill="currentColor"
          style={Object {}}
        />
      </svg>
      <svg
        aria-hidden="true"
        className="svg-inline--fa fa-star fa-w-18 "
        color="gold"
        data-icon="star"
        data-prefix="fas"
        focusable="false"
        role="img"
        style={Object {}}
        viewBox="0 0 576 512"
        xmlns="http://www.w3.org/2000/svg"
      >
        <path
          d="M259.3 17.8L194 150.2 47.9 171.5c-26.2 3.8-36.7 36.1-17.7 54.6l105.7 103-25 145.5c-4.5 26.3 23.2 46 46.4 33.7L288 439.6l130.7 68.7c23.2 12.2 50.9-7.4 46.4-33.7l-25-145.5 105.7-103c19-18.5 8.5-50.8-17.7-54.6L382 150.2 316.7 17.8c-11.7-23.6-45.6-23.9-57.4 0z"
          fill="currentColor"
          style={Object {}}
        />
      </svg>
      <svg
        aria-hidden="true"
        className="svg-inline--fa fa-star fa-w-18 "
        color="gold"
        data-icon="star"
        data-prefix="fas"
        focusable="false"
        role="img"
        style={Object {}}
        viewBox="0 0 576 512"
        xmlns="http://www.w3.org/2000/svg"
      >
        <path
          d="M259.3 17.8L194 150.2 47.9 171.5c-26.2 3.8-36.7 36.1-17.7 54.6l105.7 103-25 145.5c-4.5 26.3 23.2 46 46.4 33.7L288 439.6l130.7 68.7c23.2 12.2 50.9-7.4 46.4-33.7l-25-145.5 105.7-103c19-18.5 8.5-50.8-17.7-54.6L382 150.2 316.7 17.8c-11.7-23.6-45.6-23.9-57.4 0z"
          fill="currentColor"
          style={Object {}}
        />
      </svg>
      <svg
        aria-hidden="true"
        className="svg-inline--fa fa-star fa-w-18 "
        color="gold"
        data-icon="star"
        data-prefix="fas"
        focusable="false"
        role="img"
        style={Object {}}
        viewBox="0 0 576 512"
        xmlns="http://www.w3.org/2000/svg"
      >
        <path
          d="M259.3 17.8L194 150.2 47.9 171.5c-26.2 3.8-36.7 36.1-17.7 54.6l105.7 103-25 145.5c-4.5 26.3 23.2 46 46.4 33.7L288 439.6l130.7 68.7c23.2 12.2 50.9-7.4 46.4-33.7l-25-145.5 105.7-103c19-18.5 8.5-50.8-17.7-54.6L382 150.2 316.7 17.8c-11.7-23.6-45.6-23.9-57.4 0z"
          fill="currentColor"
          style={Object {}}
        />
      </svg>
    </div>
    <img
      alt="Ealing Balti House"
      src="https://s3-media3.fl.yelpcdn.com/bphoto/qY-rtSnUv33SySwXv6QLhQ/o.jpg"
      width="150"
    />
  </div>,
]
`;
