// Jest Snapshot v1, https://goo.gl/fbAQLP

exports[`displays a list of businesses correctly 1`] = `
<div
  className="flex flex-col"
>
  <div
    className="flex m-4 ml-auto w-4/5"
  >
    <div>
      <div
        className="flex w-48 h-48 rounded-3xl overflow-hidden relative justify-center content-center "
      >
        <img
          alt="A 2 Zee's"
          className="w-auto h-full block object-cover transform scale-130"
          src="https://www.westernheights.k12.ok.us/wp-content/uploads/2020/01/No-Photo-Available.jpg"
        />
      </div>
    </div>
    <div
      className="text-left self-center pl-4"
    >
      <div
        className="py-4"
      >
        <h2
          className="text-grey text-xl"
        >
          A 2 Zee's
        </h2>
        <div>
          <span
            className="text-grey"
          >
            Cafes
          </span>
        </div>
      </div>
      <div>
        <h2
          className="text-grey"
        >
          No price rating available
        </h2>
        <div>
          <svg
            aria-hidden="true"
            className="svg-inline--fa fa-star fa-w-18 "
            color="gold"
            data-icon="star"
            data-prefix="fas"
            focusable="false"
            role="img"
            style={Object {}}
            viewBox="0 0 576 512"
            xmlns="http://www.w3.org/2000/svg"
          >
            <path
              d="M259.3 17.8L194 150.2 47.9 171.5c-26.2 3.8-36.7 36.1-17.7 54.6l105.7 103-25 145.5c-4.5 26.3 23.2 46 46.4 33.7L288 439.6l130.7 68.7c23.2 12.2 50.9-7.4 46.4-33.7l-25-145.5 105.7-103c19-18.5 8.5-50.8-17.7-54.6L382 150.2 316.7 17.8c-11.7-23.6-45.6-23.9-57.4 0z"
              fill="currentColor"
              style={Object {}}
            />
          </svg>
          <svg
            aria-hidden="true"
            className="svg-inline--fa fa-star fa-w-18 "
            color="gold"
            data-icon="star"
            data-prefix="fas"
            focusable="false"
            role="img"
            style={Object {}}
            viewBox="0 0 576 512"
            xmlns="http://www.w3.org/2000/svg"
          >
            <path
              d="M259.3 17.8L194 150.2 47.9 171.5c-26.2 3.8-36.7 36.1-17.7 54.6l105.7 103-25 145.5c-4.5 26.3 23.2 46 46.4 33.7L288 439.6l130.7 68.7c23.2 12.2 50.9-7.4 46.4-33.7l-25-145.5 105.7-103c19-18.5 8.5-50.8-17.7-54.6L382 150.2 316.7 17.8c-11.7-23.6-45.6-23.9-57.4 0z"
              fill="currentColor"
              style={Object {}}
            />
          </svg>
          <svg
            aria-hidden="true"
            className="svg-inline--fa fa-star fa-w-18 "
            color="gold"
            data-icon="star"
            data-prefix="fas"
            focusable="false"
            role="img"
            style={Object {}}
            viewBox="0 0 576 512"
            xmlns="http://www.w3.org/2000/svg"
          >
            <path
              d="M259.3 17.8L194 150.2 47.9 171.5c-26.2 3.8-36.7 36.1-17.7 54.6l105.7 103-25 145.5c-4.5 26.3 23.2 46 46.4 33.7L288 439.6l130.7 68.7c23.2 12.2 50.9-7.4 46.4-33.7l-25-145.5 105.7-103c19-18.5 8.5-50.8-17.7-54.6L382 150.2 316.7 17.8c-11.7-23.6-45.6-23.9-57.4 0z"
              fill="currentColor"
              style={Object {}}
            />
          </svg>
        </div>
        <span
          className="text-grey"
        >
          55 Manor Road, London W13 0LJ, United Kingdom
        </span>
      </div>
    </div>
    <div />
  </div>
  <div
    className="flex m-4 ml-auto w-4/5"
  >
    <div>
      <div
        className="flex w-48 h-48 rounded-3xl overflow-hidden relative justify-center content-center "
      >
        <img
          alt="Chic O Land"
          className="w-auto h-full block object-cover transform scale-130"
          src="https://www.westernheights.k12.ok.us/wp-content/uploads/2020/01/No-Photo-Available.jpg"
        />
      </div>
    </div>
    <div
      className="text-left self-center pl-4"
    >
      <div
        className="py-4"
      >
        <h2
          className="text-grey text-xl"
        >
          Chic O Land
        </h2>
        <div>
          <span
            className="text-grey"
          >
            Fast Food
          </span>
        </div>
      </div>
      <div>
        <h2
          className="text-grey"
        >
          £
        </h2>
        <div>
          <svg
            aria-hidden="true"
            className="svg-inline--fa fa-star fa-w-18 "
            color="gold"
            data-icon="star"
            data-prefix="fas"
            focusable="false"
            role="img"
            style={Object {}}
            viewBox="0 0 576 512"
            xmlns="http://www.w3.org/2000/svg"
          >
            <path
              d="M259.3 17.8L194 150.2 47.9 171.5c-26.2 3.8-36.7 36.1-17.7 54.6l105.7 103-25 145.5c-4.5 26.3 23.2 46 46.4 33.7L288 439.6l130.7 68.7c23.2 12.2 50.9-7.4 46.4-33.7l-25-145.5 105.7-103c19-18.5 8.5-50.8-17.7-54.6L382 150.2 316.7 17.8c-11.7-23.6-45.6-23.9-57.4 0z"
              fill="currentColor"
              style={Object {}}
            />
          </svg>
          <svg
            aria-hidden="true"
            className="svg-inline--fa fa-star fa-w-18 "
            color="gold"
            data-icon="star"
            data-prefix="fas"
            focusable="false"
            role="img"
            style={Object {}}
            viewBox="0 0 576 512"
            xmlns="http://www.w3.org/2000/svg"
          >
            <path
              d="M259.3 17.8L194 150.2 47.9 171.5c-26.2 3.8-36.7 36.1-17.7 54.6l105.7 103-25 145.5c-4.5 26.3 23.2 46 46.4 33.7L288 439.6l130.7 68.7c23.2 12.2 50.9-7.4 46.4-33.7l-25-145.5 105.7-103c19-18.5 8.5-50.8-17.7-54.6L382 150.2 316.7 17.8c-11.7-23.6-45.6-23.9-57.4 0z"
              fill="currentColor"
              style={Object {}}
            />
          </svg>
        </div>
        <span
          className="text-grey"
        >
          50 Drayton Green Road, London W13 8RY, United Kingdom
        </span>
      </div>
    </div>
    <div />
  </div>
  <div
    className="flex m-4 ml-auto w-4/5"
  >
    <div>
      <div
        className="flex w-48 h-48 rounded-3xl overflow-hidden relative justify-center content-center "
      >
        <img
          alt="Tophill Caribean"
          className="w-auto h-full block object-cover transform scale-130"
          src="https://www.westernheights.k12.ok.us/wp-content/uploads/2020/01/No-Photo-Available.jpg"
        />
      </div>
    </div>
    <div
      className="text-left self-center pl-4"
    >
      <div
        className="py-4"
      >
        <h2
          className="text-grey text-xl"
        >
          Tophill Caribean
        </h2>
        <div>
          <span
            className="text-grey"
          >
            Caribbean
          </span>
        </div>
      </div>
      <div>
        <h2
          className="text-grey"
        >
          No price rating available
        </h2>
        <div>
          <svg
            aria-hidden="true"
            className="svg-inline--fa fa-star fa-w-18 "
            color="gold"
            data-icon="star"
            data-prefix="fas"
            focusable="false"
            role="img"
            style={Object {}}
            viewBox="0 0 576 512"
            xmlns="http://www.w3.org/2000/svg"
          >
            <path
              d="M259.3 17.8L194 150.2 47.9 171.5c-26.2 3.8-36.7 36.1-17.7 54.6l105.7 103-25 145.5c-4.5 26.3 23.2 46 46.4 33.7L288 439.6l130.7 68.7c23.2 12.2 50.9-7.4 46.4-33.7l-25-145.5 105.7-103c19-18.5 8.5-50.8-17.7-54.6L382 150.2 316.7 17.8c-11.7-23.6-45.6-23.9-57.4 0z"
              fill="currentColor"
              style={Object {}}
            />
          </svg>
          <svg
            aria-hidden="true"
            className="svg-inline--fa fa-star fa-w-18 "
            color="gold"
            data-icon="star"
            data-prefix="fas"
            focusable="false"
            role="img"
            style={Object {}}
            viewBox="0 0 576 512"
            xmlns="http://www.w3.org/2000/svg"
          >
            <path
              d="M259.3 17.8L194 150.2 47.9 171.5c-26.2 3.8-36.7 36.1-17.7 54.6l105.7 103-25 145.5c-4.5 26.3 23.2 46 46.4 33.7L288 439.6l130.7 68.7c23.2 12.2 50.9-7.4 46.4-33.7l-25-145.5 105.7-103c19-18.5 8.5-50.8-17.7-54.6L382 150.2 316.7 17.8c-11.7-23.6-45.6-23.9-57.4 0z"
              fill="currentColor"
              style={Object {}}
            />
          </svg>
          <svg
            aria-hidden="true"
            className="svg-inline--fa fa-star fa-w-18 "
            color="gold"
            data-icon="star"
            data-prefix="fas"
            focusable="false"
            role="img"
            style={Object {}}
            viewBox="0 0 576 512"
            xmlns="http://www.w3.org/2000/svg"
          >
            <path
              d="M259.3 17.8L194 150.2 47.9 171.5c-26.2 3.8-36.7 36.1-17.7 54.6l105.7 103-25 145.5c-4.5 26.3 23.2 46 46.4 33.7L288 439.6l130.7 68.7c23.2 12.2 50.9-7.4 46.4-33.7l-25-145.5 105.7-103c19-18.5 8.5-50.8-17.7-54.6L382 150.2 316.7 17.8c-11.7-23.6-45.6-23.9-57.4 0z"
              fill="currentColor"
              style={Object {}}
            />
          </svg>
          <svg
            aria-hidden="true"
            className="svg-inline--fa fa-star fa-w-18 "
            color="gold"
            data-icon="star"
            data-prefix="fas"
            focusable="false"
            role="img"
            style={Object {}}
            viewBox="0 0 576 512"
            xmlns="http://www.w3.org/2000/svg"
          >
            <path
              d="M259.3 17.8L194 150.2 47.9 171.5c-26.2 3.8-36.7 36.1-17.7 54.6l105.7 103-25 145.5c-4.5 26.3 23.2 46 46.4 33.7L288 439.6l130.7 68.7c23.2 12.2 50.9-7.4 46.4-33.7l-25-145.5 105.7-103c19-18.5 8.5-50.8-17.7-54.6L382 150.2 316.7 17.8c-11.7-23.6-45.6-23.9-57.4 0z"
              fill="currentColor"
              style={Object {}}
            />
          </svg>
        </div>
        <span
          className="text-grey"
        >
          46-48 Drayton Green Road, London W13 8RY, United Kingdom
        </span>
      </div>
    </div>
    <div />
  </div>
  <div
    className="flex m-4 ml-auto w-4/5"
  >
    <div>
      <div
        className="flex w-48 h-48 rounded-3xl overflow-hidden relative justify-center content-center "
      >
        <img
          alt="Café Leemoo"
          className="w-auto h-full block object-cover transform scale-130"
          src="https://s3-media1.fl.yelpcdn.com/bphoto/DJdYE-wD6xNjKav0GmbgKA/o.jpg"
        />
      </div>
    </div>
    <div
      className="text-left self-center pl-4"
    >
      <div
        className="py-4"
      >
        <h2
          className="text-grey text-xl"
        >
          Café Leemoo
        </h2>
        <div>
          <span
            className="text-grey"
          >
            Coffee & Tea
          </span>
          <span
            className="text-grey"
          >
            , Breakfast & Brunch
          </span>
        </div>
      </div>
      <div>
        <h2
          className="text-grey"
        >
          £
        </h2>
        <div>
          <svg
            aria-hidden="true"
            className="svg-inline--fa fa-star fa-w-18 "
            color="gold"
            data-icon="star"
            data-prefix="fas"
            focusable="false"
            role="img"
            style={Object {}}
            viewBox="0 0 576 512"
            xmlns="http://www.w3.org/2000/svg"
          >
            <path
              d="M259.3 17.8L194 150.2 47.9 171.5c-26.2 3.8-36.7 36.1-17.7 54.6l105.7 103-25 145.5c-4.5 26.3 23.2 46 46.4 33.7L288 439.6l130.7 68.7c23.2 12.2 50.9-7.4 46.4-33.7l-25-145.5 105.7-103c19-18.5 8.5-50.8-17.7-54.6L382 150.2 316.7 17.8c-11.7-23.6-45.6-23.9-57.4 0z"
              fill="currentColor"
              style={Object {}}
            />
          </svg>
          <svg
            aria-hidden="true"
            className="svg-inline--fa fa-star fa-w-18 "
            color="gold"
            data-icon="star"
            data-prefix="fas"
            focusable="false"
            role="img"
            style={Object {}}
            viewBox="0 0 576 512"
            xmlns="http://www.w3.org/2000/svg"
          >
            <path
              d="M259.3 17.8L194 150.2 47.9 171.5c-26.2 3.8-36.7 36.1-17.7 54.6l105.7 103-25 145.5c-4.5 26.3 23.2 46 46.4 33.7L288 439.6l130.7 68.7c23.2 12.2 50.9-7.4 46.4-33.7l-25-145.5 105.7-103c19-18.5 8.5-50.8-17.7-54.6L382 150.2 316.7 17.8c-11.7-23.6-45.6-23.9-57.4 0z"
              fill="currentColor"
              style={Object {}}
            />
          </svg>
          <svg
            aria-hidden="true"
            className="svg-inline--fa fa-star fa-w-18 "
            color="gold"
            data-icon="star"
            data-prefix="fas"
            focusable="false"
            role="img"
            style={Object {}}
            viewBox="0 0 576 512"
            xmlns="http://www.w3.org/2000/svg"
          >
            <path
              d="M259.3 17.8L194 150.2 47.9 171.5c-26.2 3.8-36.7 36.1-17.7 54.6l105.7 103-25 145.5c-4.5 26.3 23.2 46 46.4 33.7L288 439.6l130.7 68.7c23.2 12.2 50.9-7.4 46.4-33.7l-25-145.5 105.7-103c19-18.5 8.5-50.8-17.7-54.6L382 150.2 316.7 17.8c-11.7-23.6-45.6-23.9-57.4 0z"
              fill="currentColor"
              style={Object {}}
            />
          </svg>
          <svg
            aria-hidden="true"
            className="svg-inline--fa fa-star fa-w-18 "
            color="gold"
            data-icon="star"
            data-prefix="fas"
            focusable="false"
            role="img"
            style={Object {}}
            viewBox="0 0 576 512"
            xmlns="http://www.w3.org/2000/svg"
          >
            <path
              d="M259.3 17.8L194 150.2 47.9 171.5c-26.2 3.8-36.7 36.1-17.7 54.6l105.7 103-25 145.5c-4.5 26.3 23.2 46 46.4 33.7L288 439.6l130.7 68.7c23.2 12.2 50.9-7.4 46.4-33.7l-25-145.5 105.7-103c19-18.5 8.5-50.8-17.7-54.6L382 150.2 316.7 17.8c-11.7-23.6-45.6-23.9-57.4 0z"
              fill="currentColor"
              style={Object {}}
            />
          </svg>
          <svg
            aria-hidden="true"
            className="svg-inline--fa fa-star-half fa-w-18 "
            color="gold"
            data-icon="star-half"
            data-prefix="fas"
            focusable="false"
            role="img"
            style={Object {}}
            viewBox="0 0 576 512"
            xmlns="http://www.w3.org/2000/svg"
          >
            <path
              d="M288 0c-11.4 0-22.8 5.9-28.7 17.8L194 150.2 47.9 171.4c-26.2 3.8-36.7 36.1-17.7 54.6l105.7 103-25 145.5c-4.5 26.1 23 46 46.4 33.7L288 439.6V0z"
              fill="currentColor"
              style={Object {}}
            />
          </svg>
        </div>
        <span
          className="text-grey"
        >
          9 Castle Hill Parade, The Avenue, London W13 8JP, United Kingdom
        </span>
      </div>
    </div>
    <div />
  </div>
  <div
    className="flex m-4 ml-auto w-4/5"
  >
    <div>
      <div
        className="flex w-48 h-48 rounded-3xl overflow-hidden relative justify-center content-center "
      >
        <img
          alt="Hilltop Roti"
          className="w-auto h-full block object-cover transform scale-130"
          src="https://s3-media1.fl.yelpcdn.com/bphoto/UKJka59PHw1KLvjIE2kvvA/o.jpg"
        />
      </div>
    </div>
    <div
      className="text-left self-center pl-4"
    >
      <div
        className="py-4"
      >
        <h2
          className="text-grey text-xl"
        >
          Hilltop Roti
        </h2>
        <div>
          <span
            className="text-grey"
          >
            Caribbean
          </span>
        </div>
      </div>
      <div>
        <h2
          className="text-grey"
        >
          No price rating available
        </h2>
        <div>
          <svg
            aria-hidden="true"
            className="svg-inline--fa fa-star fa-w-18 "
            color="gold"
            data-icon="star"
            data-prefix="fas"
            focusable="false"
            role="img"
            style={Object {}}
            viewBox="0 0 576 512"
            xmlns="http://www.w3.org/2000/svg"
          >
            <path
              d="M259.3 17.8L194 150.2 47.9 171.5c-26.2 3.8-36.7 36.1-17.7 54.6l105.7 103-25 145.5c-4.5 26.3 23.2 46 46.4 33.7L288 439.6l130.7 68.7c23.2 12.2 50.9-7.4 46.4-33.7l-25-145.5 105.7-103c19-18.5 8.5-50.8-17.7-54.6L382 150.2 316.7 17.8c-11.7-23.6-45.6-23.9-57.4 0z"
              fill="currentColor"
              style={Object {}}
            />
          </svg>
          <svg
            aria-hidden="true"
            className="svg-inline--fa fa-star fa-w-18 "
            color="gold"
            data-icon="star"
            data-prefix="fas"
            focusable="false"
            role="img"
            style={Object {}}
            viewBox="0 0 576 512"
            xmlns="http://www.w3.org/2000/svg"
          >
            <path
              d="M259.3 17.8L194 150.2 47.9 171.5c-26.2 3.8-36.7 36.1-17.7 54.6l105.7 103-25 145.5c-4.5 26.3 23.2 46 46.4 33.7L288 439.6l130.7 68.7c23.2 12.2 50.9-7.4 46.4-33.7l-25-145.5 105.7-103c19-18.5 8.5-50.8-17.7-54.6L382 150.2 316.7 17.8c-11.7-23.6-45.6-23.9-57.4 0z"
              fill="currentColor"
              style={Object {}}
            />
          </svg>
          <svg
            aria-hidden="true"
            className="svg-inline--fa fa-star fa-w-18 "
            color="gold"
            data-icon="star"
            data-prefix="fas"
            focusable="false"
            role="img"
            style={Object {}}
            viewBox="0 0 576 512"
            xmlns="http://www.w3.org/2000/svg"
          >
            <path
              d="M259.3 17.8L194 150.2 47.9 171.5c-26.2 3.8-36.7 36.1-17.7 54.6l105.7 103-25 145.5c-4.5 26.3 23.2 46 46.4 33.7L288 439.6l130.7 68.7c23.2 12.2 50.9-7.4 46.4-33.7l-25-145.5 105.7-103c19-18.5 8.5-50.8-17.7-54.6L382 150.2 316.7 17.8c-11.7-23.6-45.6-23.9-57.4 0z"
              fill="currentColor"
              style={Object {}}
            />
          </svg>
          <svg
            aria-hidden="true"
            className="svg-inline--fa fa-star fa-w-18 "
            color="gold"
            data-icon="star"
            data-prefix="fas"
            focusable="false"
            role="img"
            style={Object {}}
            viewBox="0 0 576 512"
            xmlns="http://www.w3.org/2000/svg"
          >
            <path
              d="M259.3 17.8L194 150.2 47.9 171.5c-26.2 3.8-36.7 36.1-17.7 54.6l105.7 103-25 145.5c-4.5 26.3 23.2 46 46.4 33.7L288 439.6l130.7 68.7c23.2 12.2 50.9-7.4 46.4-33.7l-25-145.5 105.7-103c19-18.5 8.5-50.8-17.7-54.6L382 150.2 316.7 17.8c-11.7-23.6-45.6-23.9-57.4 0z"
              fill="currentColor"
              style={Object {}}
            />
          </svg>
          <svg
            aria-hidden="true"
            className="svg-inline--fa fa-star fa-w-18 "
            color="gold"
            data-icon="star"
            data-prefix="fas"
            focusable="false"
            role="img"
            style={Object {}}
            viewBox="0 0 576 512"
            xmlns="http://www.w3.org/2000/svg"
          >
            <path
              d="M259.3 17.8L194 150.2 47.9 171.5c-26.2 3.8-36.7 36.1-17.7 54.6l105.7 103-25 145.5c-4.5 26.3 23.2 46 46.4 33.7L288 439.6l130.7 68.7c23.2 12.2 50.9-7.4 46.4-33.7l-25-145.5 105.7-103c19-18.5 8.5-50.8-17.7-54.6L382 150.2 316.7 17.8c-11.7-23.6-45.6-23.9-57.4 0z"
              fill="currentColor"
              style={Object {}}
            />
          </svg>
        </div>
        <span
          className="text-grey"
        >
          46-48 Drayton Green Road, London W13 8RY, United Kingdom
        </span>
      </div>
    </div>
    <div />
  </div>
  <div
    className="flex m-4 ml-auto w-4/5"
  >
    <div>
      <div
        className="flex w-48 h-48 rounded-3xl overflow-hidden relative justify-center content-center "
      >
        <img
          alt="Subway"
          className="w-auto h-full block object-cover transform scale-130"
          src="https://www.westernheights.k12.ok.us/wp-content/uploads/2020/01/No-Photo-Available.jpg"
        />
      </div>
    </div>
    <div
      className="text-left self-center pl-4"
    >
      <div
        className="py-4"
      >
        <h2
          className="text-grey text-xl"
        >
          Subway
        </h2>
        <div>
          <span
            className="text-grey"
          >
            Restaurants
          </span>
        </div>
      </div>
      <div>
        <h2
          className="text-grey"
        >
          No price rating available
        </h2>
        <div>
          <svg
            aria-hidden="true"
            className="svg-inline--fa fa-star fa-w-18 "
            color="gold"
            data-icon="star"
            data-prefix="fas"
            focusable="false"
            role="img"
            style={Object {}}
            viewBox="0 0 576 512"
            xmlns="http://www.w3.org/2000/svg"
          >
            <path
              d="M259.3 17.8L194 150.2 47.9 171.5c-26.2 3.8-36.7 36.1-17.7 54.6l105.7 103-25 145.5c-4.5 26.3 23.2 46 46.4 33.7L288 439.6l130.7 68.7c23.2 12.2 50.9-7.4 46.4-33.7l-25-145.5 105.7-103c19-18.5 8.5-50.8-17.7-54.6L382 150.2 316.7 17.8c-11.7-23.6-45.6-23.9-57.4 0z"
              fill="currentColor"
              style={Object {}}
            />
          </svg>
          <svg
            aria-hidden="true"
            className="svg-inline--fa fa-star fa-w-18 "
            color="gold"
            data-icon="star"
            data-prefix="fas"
            focusable="false"
            role="img"
            style={Object {}}
            viewBox="0 0 576 512"
            xmlns="http://www.w3.org/2000/svg"
          >
            <path
              d="M259.3 17.8L194 150.2 47.9 171.5c-26.2 3.8-36.7 36.1-17.7 54.6l105.7 103-25 145.5c-4.5 26.3 23.2 46 46.4 33.7L288 439.6l130.7 68.7c23.2 12.2 50.9-7.4 46.4-33.7l-25-145.5 105.7-103c19-18.5 8.5-50.8-17.7-54.6L382 150.2 316.7 17.8c-11.7-23.6-45.6-23.9-57.4 0z"
              fill="currentColor"
              style={Object {}}
            />
          </svg>
          <svg
            aria-hidden="true"
            className="svg-inline--fa fa-star fa-w-18 "
            color="gold"
            data-icon="star"
            data-prefix="fas"
            focusable="false"
            role="img"
            style={Object {}}
            viewBox="0 0 576 512"
            xmlns="http://www.w3.org/2000/svg"
          >
            <path
              d="M259.3 17.8L194 150.2 47.9 171.5c-26.2 3.8-36.7 36.1-17.7 54.6l105.7 103-25 145.5c-4.5 26.3 23.2 46 46.4 33.7L288 439.6l130.7 68.7c23.2 12.2 50.9-7.4 46.4-33.7l-25-145.5 105.7-103c19-18.5 8.5-50.8-17.7-54.6L382 150.2 316.7 17.8c-11.7-23.6-45.6-23.9-57.4 0z"
              fill="currentColor"
              style={Object {}}
            />
          </svg>
          <svg
            aria-hidden="true"
            className="svg-inline--fa fa-star-half fa-w-18 "
            color="gold"
            data-icon="star-half"
            data-prefix="fas"
            focusable="false"
            role="img"
            style={Object {}}
            viewBox="0 0 576 512"
            xmlns="http://www.w3.org/2000/svg"
          >
            <path
              d="M288 0c-11.4 0-22.8 5.9-28.7 17.8L194 150.2 47.9 171.4c-26.2 3.8-36.7 36.1-17.7 54.6l105.7 103-25 145.5c-4.5 26.1 23 46 46.4 33.7L288 439.6V0z"
              fill="currentColor"
              style={Object {}}
            />
          </svg>
        </div>
        <span
          className="text-grey"
        >
          54 Broadway, London W13 0SU, United Kingdom
        </span>
      </div>
    </div>
    <div />
  </div>
  <div
    className="flex m-4 ml-auto w-4/5"
  >
    <div>
      <div
        className="flex w-48 h-48 rounded-3xl overflow-hidden relative justify-center content-center "
      >
        <img
          alt="German Doner Kebab"
          className="w-auto h-full block object-cover transform scale-130"
          src="https://s3-media3.fl.yelpcdn.com/bphoto/MDZkA6C7WULfk1lcIQcOyw/o.jpg"
        />
      </div>
    </div>
    <div
      className="text-left self-center pl-4"
    >
      <div
        className="py-4"
      >
        <h2
          className="text-grey text-xl"
        >
          German Doner Kebab
        </h2>
        <div>
          <span
            className="text-grey"
          >
            Fast Food
          </span>
          <span
            className="text-grey"
          >
            , German
          </span>
          <span
            className="text-grey"
          >
            , Kebab
          </span>
        </div>
      </div>
      <div>
        <h2
          className="text-grey"
        >
          £
        </h2>
        <div>
          <svg
            aria-hidden="true"
            className="svg-inline--fa fa-star fa-w-18 "
            color="gold"
            data-icon="star"
            data-prefix="fas"
            focusable="false"
            role="img"
            style={Object {}}
            viewBox="0 0 576 512"
            xmlns="http://www.w3.org/2000/svg"
          >
            <path
              d="M259.3 17.8L194 150.2 47.9 171.5c-26.2 3.8-36.7 36.1-17.7 54.6l105.7 103-25 145.5c-4.5 26.3 23.2 46 46.4 33.7L288 439.6l130.7 68.7c23.2 12.2 50.9-7.4 46.4-33.7l-25-145.5 105.7-103c19-18.5 8.5-50.8-17.7-54.6L382 150.2 316.7 17.8c-11.7-23.6-45.6-23.9-57.4 0z"
              fill="currentColor"
              style={Object {}}
            />
          </svg>
          <svg
            aria-hidden="true"
            className="svg-inline--fa fa-star fa-w-18 "
            color="gold"
            data-icon="star"
            data-prefix="fas"
            focusable="false"
            role="img"
            style={Object {}}
            viewBox="0 0 576 512"
            xmlns="http://www.w3.org/2000/svg"
          >
            <path
              d="M259.3 17.8L194 150.2 47.9 171.5c-26.2 3.8-36.7 36.1-17.7 54.6l105.7 103-25 145.5c-4.5 26.3 23.2 46 46.4 33.7L288 439.6l130.7 68.7c23.2 12.2 50.9-7.4 46.4-33.7l-25-145.5 105.7-103c19-18.5 8.5-50.8-17.7-54.6L382 150.2 316.7 17.8c-11.7-23.6-45.6-23.9-57.4 0z"
              fill="currentColor"
              style={Object {}}
            />
          </svg>
          <svg
            aria-hidden="true"
            className="svg-inline--fa fa-star fa-w-18 "
            color="gold"
            data-icon="star"
            data-prefix="fas"
            focusable="false"
            role="img"
            style={Object {}}
            viewBox="0 0 576 512"
            xmlns="http://www.w3.org/2000/svg"
          >
            <path
              d="M259.3 17.8L194 150.2 47.9 171.5c-26.2 3.8-36.7 36.1-17.7 54.6l105.7 103-25 145.5c-4.5 26.3 23.2 46 46.4 33.7L288 439.6l130.7 68.7c23.2 12.2 50.9-7.4 46.4-33.7l-25-145.5 105.7-103c19-18.5 8.5-50.8-17.7-54.6L382 150.2 316.7 17.8c-11.7-23.6-45.6-23.9-57.4 0z"
              fill="currentColor"
              style={Object {}}
            />
          </svg>
          <svg
            aria-hidden="true"
            className="svg-inline--fa fa-star fa-w-18 "
            color="gold"
            data-icon="star"
            data-prefix="fas"
            focusable="false"
            role="img"
            style={Object {}}
            viewBox="0 0 576 512"
            xmlns="http://www.w3.org/2000/svg"
          >
            <path
              d="M259.3 17.8L194 150.2 47.9 171.5c-26.2 3.8-36.7 36.1-17.7 54.6l105.7 103-25 145.5c-4.5 26.3 23.2 46 46.4 33.7L288 439.6l130.7 68.7c23.2 12.2 50.9-7.4 46.4-33.7l-25-145.5 105.7-103c19-18.5 8.5-50.8-17.7-54.6L382 150.2 316.7 17.8c-11.7-23.6-45.6-23.9-57.4 0z"
              fill="currentColor"
              style={Object {}}
            />
          </svg>
        </div>
        <span
          className="text-grey"
        >
          24 Broadway, West Ealing, London W13 0SU, United Kingdom
        </span>
      </div>
    </div>
    <div />
  </div>
  <div
    className="flex m-4 ml-auto w-4/5"
  >
    <div>
      <div
        className="flex w-48 h-48 rounded-3xl overflow-hidden relative justify-center content-center "
      >
        <img
          alt="Abu Zaad"
          className="w-auto h-full block object-cover transform scale-130"
          src="https://s3-media4.fl.yelpcdn.com/bphoto/9WkqiZ3m3Am13yQgdCGTfA/o.jpg"
        />
      </div>
    </div>
    <div
      className="text-left self-center pl-4"
    >
      <div
        className="py-4"
      >
        <h2
          className="text-grey text-xl"
        >
          Abu Zaad
        </h2>
        <div>
          <span
            className="text-grey"
          >
            Arabian
          </span>
        </div>
      </div>
      <div>
        <h2
          className="text-grey"
        >
          No price rating available
        </h2>
        <div>
          <svg
            aria-hidden="true"
            className="svg-inline--fa fa-star fa-w-18 "
            color="gold"
            data-icon="star"
            data-prefix="fas"
            focusable="false"
            role="img"
            style={Object {}}
            viewBox="0 0 576 512"
            xmlns="http://www.w3.org/2000/svg"
          >
            <path
              d="M259.3 17.8L194 150.2 47.9 171.5c-26.2 3.8-36.7 36.1-17.7 54.6l105.7 103-25 145.5c-4.5 26.3 23.2 46 46.4 33.7L288 439.6l130.7 68.7c23.2 12.2 50.9-7.4 46.4-33.7l-25-145.5 105.7-103c19-18.5 8.5-50.8-17.7-54.6L382 150.2 316.7 17.8c-11.7-23.6-45.6-23.9-57.4 0z"
              fill="currentColor"
              style={Object {}}
            />
          </svg>
          <svg
            aria-hidden="true"
            className="svg-inline--fa fa-star fa-w-18 "
            color="gold"
            data-icon="star"
            data-prefix="fas"
            focusable="false"
            role="img"
            style={Object {}}
            viewBox="0 0 576 512"
            xmlns="http://www.w3.org/2000/svg"
          >
            <path
              d="M259.3 17.8L194 150.2 47.9 171.5c-26.2 3.8-36.7 36.1-17.7 54.6l105.7 103-25 145.5c-4.5 26.3 23.2 46 46.4 33.7L288 439.6l130.7 68.7c23.2 12.2 50.9-7.4 46.4-33.7l-25-145.5 105.7-103c19-18.5 8.5-50.8-17.7-54.6L382 150.2 316.7 17.8c-11.7-23.6-45.6-23.9-57.4 0z"
              fill="currentColor"
              style={Object {}}
            />
          </svg>
          <svg
            aria-hidden="true"
            className="svg-inline--fa fa-star fa-w-18 "
            color="gold"
            data-icon="star"
            data-prefix="fas"
            focusable="false"
            role="img"
            style={Object {}}
            viewBox="0 0 576 512"
            xmlns="http://www.w3.org/2000/svg"
          >
            <path
              d="M259.3 17.8L194 150.2 47.9 171.5c-26.2 3.8-36.7 36.1-17.7 54.6l105.7 103-25 145.5c-4.5 26.3 23.2 46 46.4 33.7L288 439.6l130.7 68.7c23.2 12.2 50.9-7.4 46.4-33.7l-25-145.5 105.7-103c19-18.5 8.5-50.8-17.7-54.6L382 150.2 316.7 17.8c-11.7-23.6-45.6-23.9-57.4 0z"
              fill="currentColor"
              style={Object {}}
            />
          </svg>
          <svg
            aria-hidden="true"
            className="svg-inline--fa fa-star fa-w-18 "
            color="gold"
            data-icon="star"
            data-prefix="fas"
            focusable="false"
            role="img"
            style={Object {}}
            viewBox="0 0 576 512"
            xmlns="http://www.w3.org/2000/svg"
          >
            <path
              d="M259.3 17.8L194 150.2 47.9 171.5c-26.2 3.8-36.7 36.1-17.7 54.6l105.7 103-25 145.5c-4.5 26.3 23.2 46 46.4 33.7L288 439.6l130.7 68.7c23.2 12.2 50.9-7.4 46.4-33.7l-25-145.5 105.7-103c19-18.5 8.5-50.8-17.7-54.6L382 150.2 316.7 17.8c-11.7-23.6-45.6-23.9-57.4 0z"
              fill="currentColor"
              style={Object {}}
            />
          </svg>
        </div>
        <span
          className="text-grey"
        >
          20-22 Broadway Ealing, London W13 0SU, United Kingdom
        </span>
      </div>
    </div>
    <div />
  </div>
  <div
    className="flex m-4 ml-auto w-4/5"
  >
    <div>
      <div
        className="flex w-48 h-48 rounded-3xl overflow-hidden relative justify-center content-center "
      >
        <img
          alt="Chicken Shop"
          className="w-auto h-full block object-cover transform scale-130"
          src="https://s3-media3.fl.yelpcdn.com/bphoto/VyVo71R6O1eOr7uuUhZMlg/o.jpg"
        />
      </div>
    </div>
    <div
      className="text-left self-center pl-4"
    >
      <div
        className="py-4"
      >
        <h2
          className="text-grey text-xl"
        >
          Chicken Shop
        </h2>
        <div>
          <span
            className="text-grey"
          >
            Fast Food
          </span>
        </div>
      </div>
      <div>
        <h2
          className="text-grey"
        >
          No price rating available
        </h2>
        <div>
          <svg
            aria-hidden="true"
            className="svg-inline--fa fa-star fa-w-18 "
            color="gold"
            data-icon="star"
            data-prefix="fas"
            focusable="false"
            role="img"
            style={Object {}}
            viewBox="0 0 576 512"
            xmlns="http://www.w3.org/2000/svg"
          >
            <path
              d="M259.3 17.8L194 150.2 47.9 171.5c-26.2 3.8-36.7 36.1-17.7 54.6l105.7 103-25 145.5c-4.5 26.3 23.2 46 46.4 33.7L288 439.6l130.7 68.7c23.2 12.2 50.9-7.4 46.4-33.7l-25-145.5 105.7-103c19-18.5 8.5-50.8-17.7-54.6L382 150.2 316.7 17.8c-11.7-23.6-45.6-23.9-57.4 0z"
              fill="currentColor"
              style={Object {}}
            />
          </svg>
          <svg
            aria-hidden="true"
            className="svg-inline--fa fa-star fa-w-18 "
            color="gold"
            data-icon="star"
            data-prefix="fas"
            focusable="false"
            role="img"
            style={Object {}}
            viewBox="0 0 576 512"
            xmlns="http://www.w3.org/2000/svg"
          >
            <path
              d="M259.3 17.8L194 150.2 47.9 171.5c-26.2 3.8-36.7 36.1-17.7 54.6l105.7 103-25 145.5c-4.5 26.3 23.2 46 46.4 33.7L288 439.6l130.7 68.7c23.2 12.2 50.9-7.4 46.4-33.7l-25-145.5 105.7-103c19-18.5 8.5-50.8-17.7-54.6L382 150.2 316.7 17.8c-11.7-23.6-45.6-23.9-57.4 0z"
              fill="currentColor"
              style={Object {}}
            />
          </svg>
          <svg
            aria-hidden="true"
            className="svg-inline--fa fa-star fa-w-18 "
            color="gold"
            data-icon="star"
            data-prefix="fas"
            focusable="false"
            role="img"
            style={Object {}}
            viewBox="0 0 576 512"
            xmlns="http://www.w3.org/2000/svg"
          >
            <path
              d="M259.3 17.8L194 150.2 47.9 171.5c-26.2 3.8-36.7 36.1-17.7 54.6l105.7 103-25 145.5c-4.5 26.3 23.2 46 46.4 33.7L288 439.6l130.7 68.7c23.2 12.2 50.9-7.4 46.4-33.7l-25-145.5 105.7-103c19-18.5 8.5-50.8-17.7-54.6L382 150.2 316.7 17.8c-11.7-23.6-45.6-23.9-57.4 0z"
              fill="currentColor"
              style={Object {}}
            />
          </svg>
        </div>
        <span
          className="text-grey"
        >
          19 Broadway, London W13 9DA, United Kingdom
        </span>
      </div>
    </div>
    <div />
  </div>
  <div
    className="flex m-4 ml-auto w-4/5"
  >
    <div>
      <div
        className="flex w-48 h-48 rounded-3xl overflow-hidden relative justify-center content-center "
      >
        <img
          alt="Perfect Fried Chicken"
          className="w-auto h-full block object-cover transform scale-130"
          src="https://s3-media4.fl.yelpcdn.com/bphoto/CbrYlCY2-BfGpkoE7DwoiA/o.jpg"
        />
      </div>
    </div>
    <div
      className="text-left self-center pl-4"
    >
      <div
        className="py-4"
      >
        <h2
          className="text-grey text-xl"
        >
          Perfect Fried Chicken
        </h2>
        <div>
          <span
            className="text-grey"
          >
            Fast Food
          </span>
        </div>
      </div>
      <div>
        <h2
          className="text-grey"
        >
          No price rating available
        </h2>
        <div>
          <svg
            aria-hidden="true"
            className="svg-inline--fa fa-star fa-w-18 "
            color="gold"
            data-icon="star"
            data-prefix="fas"
            focusable="false"
            role="img"
            style={Object {}}
            viewBox="0 0 576 512"
            xmlns="http://www.w3.org/2000/svg"
          >
            <path
              d="M259.3 17.8L194 150.2 47.9 171.5c-26.2 3.8-36.7 36.1-17.7 54.6l105.7 103-25 145.5c-4.5 26.3 23.2 46 46.4 33.7L288 439.6l130.7 68.7c23.2 12.2 50.9-7.4 46.4-33.7l-25-145.5 105.7-103c19-18.5 8.5-50.8-17.7-54.6L382 150.2 316.7 17.8c-11.7-23.6-45.6-23.9-57.4 0z"
              fill="currentColor"
              style={Object {}}
            />
          </svg>
          <svg
            aria-hidden="true"
            className="svg-inline--fa fa-star fa-w-18 "
            color="gold"
            data-icon="star"
            data-prefix="fas"
            focusable="false"
            role="img"
            style={Object {}}
            viewBox="0 0 576 512"
            xmlns="http://www.w3.org/2000/svg"
          >
            <path
              d="M259.3 17.8L194 150.2 47.9 171.5c-26.2 3.8-36.7 36.1-17.7 54.6l105.7 103-25 145.5c-4.5 26.3 23.2 46 46.4 33.7L288 439.6l130.7 68.7c23.2 12.2 50.9-7.4 46.4-33.7l-25-145.5 105.7-103c19-18.5 8.5-50.8-17.7-54.6L382 150.2 316.7 17.8c-11.7-23.6-45.6-23.9-57.4 0z"
              fill="currentColor"
              style={Object {}}
            />
          </svg>
          <svg
            aria-hidden="true"
            className="svg-inline--fa fa-star fa-w-18 "
            color="gold"
            data-icon="star"
            data-prefix="fas"
            focusable="false"
            role="img"
            style={Object {}}
            viewBox="0 0 576 512"
            xmlns="http://www.w3.org/2000/svg"
          >
            <path
              d="M259.3 17.8L194 150.2 47.9 171.5c-26.2 3.8-36.7 36.1-17.7 54.6l105.7 103-25 145.5c-4.5 26.3 23.2 46 46.4 33.7L288 439.6l130.7 68.7c23.2 12.2 50.9-7.4 46.4-33.7l-25-145.5 105.7-103c19-18.5 8.5-50.8-17.7-54.6L382 150.2 316.7 17.8c-11.7-23.6-45.6-23.9-57.4 0z"
              fill="currentColor"
              style={Object {}}
            />
          </svg>
          <svg
            aria-hidden="true"
            className="svg-inline--fa fa-star fa-w-18 "
            color="gold"
            data-icon="star"
            data-prefix="fas"
            focusable="false"
            role="img"
            style={Object {}}
            viewBox="0 0 576 512"
            xmlns="http://www.w3.org/2000/svg"
          >
            <path
              d="M259.3 17.8L194 150.2 47.9 171.5c-26.2 3.8-36.7 36.1-17.7 54.6l105.7 103-25 145.5c-4.5 26.3 23.2 46 46.4 33.7L288 439.6l130.7 68.7c23.2 12.2 50.9-7.4 46.4-33.7l-25-145.5 105.7-103c19-18.5 8.5-50.8-17.7-54.6L382 150.2 316.7 17.8c-11.7-23.6-45.6-23.9-57.4 0z"
              fill="currentColor"
              style={Object {}}
            />
          </svg>
        </div>
        <span
          className="text-grey"
        >
          2 The Broadway, West Ealing, London W13 0SR, United Kingdom
        </span>
      </div>
    </div>
    <div />
  </div>
  <div
    className="flex m-4 ml-auto w-4/5"
  >
    <div>
      <div
        className="flex w-48 h-48 rounded-3xl overflow-hidden relative justify-center content-center "
      >
        <img
          alt="Spicy King"
          className="w-auto h-full block object-cover transform scale-130"
          src="https://www.westernheights.k12.ok.us/wp-content/uploads/2020/01/No-Photo-Available.jpg"
        />
      </div>
    </div>
    <div
      className="text-left self-center pl-4"
    >
      <div
        className="py-4"
      >
        <h2
          className="text-grey text-xl"
        >
          Spicy King
        </h2>
        <div>
          <span
            className="text-grey"
          >
            Fast Food
          </span>
        </div>
      </div>
      <div>
        <h2
          className="text-grey"
        >
          ££
        </h2>
        <div>
          <svg
            aria-hidden="true"
            className="svg-inline--fa fa-star fa-w-18 "
            color="gold"
            data-icon="star"
            data-prefix="fas"
            focusable="false"
            role="img"
            style={Object {}}
            viewBox="0 0 576 512"
            xmlns="http://www.w3.org/2000/svg"
          >
            <path
              d="M259.3 17.8L194 150.2 47.9 171.5c-26.2 3.8-36.7 36.1-17.7 54.6l105.7 103-25 145.5c-4.5 26.3 23.2 46 46.4 33.7L288 439.6l130.7 68.7c23.2 12.2 50.9-7.4 46.4-33.7l-25-145.5 105.7-103c19-18.5 8.5-50.8-17.7-54.6L382 150.2 316.7 17.8c-11.7-23.6-45.6-23.9-57.4 0z"
              fill="currentColor"
              style={Object {}}
            />
          </svg>
          <svg
            aria-hidden="true"
            className="svg-inline--fa fa-star fa-w-18 "
            color="gold"
            data-icon="star"
            data-prefix="fas"
            focusable="false"
            role="img"
            style={Object {}}
            viewBox="0 0 576 512"
            xmlns="http://www.w3.org/2000/svg"
          >
            <path
              d="M259.3 17.8L194 150.2 47.9 171.5c-26.2 3.8-36.7 36.1-17.7 54.6l105.7 103-25 145.5c-4.5 26.3 23.2 46 46.4 33.7L288 439.6l130.7 68.7c23.2 12.2 50.9-7.4 46.4-33.7l-25-145.5 105.7-103c19-18.5 8.5-50.8-17.7-54.6L382 150.2 316.7 17.8c-11.7-23.6-45.6-23.9-57.4 0z"
              fill="currentColor"
              style={Object {}}
            />
          </svg>
          <svg
            aria-hidden="true"
            className="svg-inline--fa fa-star-half fa-w-18 "
            color="gold"
            data-icon="star-half"
            data-prefix="fas"
            focusable="false"
            role="img"
            style={Object {}}
            viewBox="0 0 576 512"
            xmlns="http://www.w3.org/2000/svg"
          >
            <path
              d="M288 0c-11.4 0-22.8 5.9-28.7 17.8L194 150.2 47.9 171.4c-26.2 3.8-36.7 36.1-17.7 54.6l105.7 103-25 145.5c-4.5 26.1 23 46 46.4 33.7L288 439.6V0z"
              fill="currentColor"
              style={Object {}}
            />
          </svg>
        </div>
        <span
          className="text-grey"
        >
          The Avenue, London W13 8JP, United Kingdom
        </span>
      </div>
    </div>
    <div />
  </div>
  <div
    className="flex m-4 ml-auto w-4/5"
  >
    <div>
      <div
        className="flex w-48 h-48 rounded-3xl overflow-hidden relative justify-center content-center "
      >
        <img
          alt="Ealing Mangal Restaurant"
          className="w-auto h-full block object-cover transform scale-130"
          src="https://s3-media3.fl.yelpcdn.com/bphoto/hdY-1cql-NaRGcM-nMXQDw/o.jpg"
        />
      </div>
    </div>
    <div
      className="text-left self-center pl-4"
    >
      <div
        className="py-4"
      >
        <h2
          className="text-grey text-xl"
        >
          Ealing Mangal Restaurant
        </h2>
        <div>
          <span
            className="text-grey"
          >
            Turkish
          </span>
        </div>
      </div>
      <div>
        <h2
          className="text-grey"
        >
          No price rating available
        </h2>
        <div>
          <svg
            aria-hidden="true"
            className="svg-inline--fa fa-star fa-w-18 "
            color="gold"
            data-icon="star"
            data-prefix="fas"
            focusable="false"
            role="img"
            style={Object {}}
            viewBox="0 0 576 512"
            xmlns="http://www.w3.org/2000/svg"
          >
            <path
              d="M259.3 17.8L194 150.2 47.9 171.5c-26.2 3.8-36.7 36.1-17.7 54.6l105.7 103-25 145.5c-4.5 26.3 23.2 46 46.4 33.7L288 439.6l130.7 68.7c23.2 12.2 50.9-7.4 46.4-33.7l-25-145.5 105.7-103c19-18.5 8.5-50.8-17.7-54.6L382 150.2 316.7 17.8c-11.7-23.6-45.6-23.9-57.4 0z"
              fill="currentColor"
              style={Object {}}
            />
          </svg>
          <svg
            aria-hidden="true"
            className="svg-inline--fa fa-star fa-w-18 "
            color="gold"
            data-icon="star"
            data-prefix="fas"
            focusable="false"
            role="img"
            style={Object {}}
            viewBox="0 0 576 512"
            xmlns="http://www.w3.org/2000/svg"
          >
            <path
              d="M259.3 17.8L194 150.2 47.9 171.5c-26.2 3.8-36.7 36.1-17.7 54.6l105.7 103-25 145.5c-4.5 26.3 23.2 46 46.4 33.7L288 439.6l130.7 68.7c23.2 12.2 50.9-7.4 46.4-33.7l-25-145.5 105.7-103c19-18.5 8.5-50.8-17.7-54.6L382 150.2 316.7 17.8c-11.7-23.6-45.6-23.9-57.4 0z"
              fill="currentColor"
              style={Object {}}
            />
          </svg>
          <svg
            aria-hidden="true"
            className="svg-inline--fa fa-star fa-w-18 "
            color="gold"
            data-icon="star"
            data-prefix="fas"
            focusable="false"
            role="img"
            style={Object {}}
            viewBox="0 0 576 512"
            xmlns="http://www.w3.org/2000/svg"
          >
            <path
              d="M259.3 17.8L194 150.2 47.9 171.5c-26.2 3.8-36.7 36.1-17.7 54.6l105.7 103-25 145.5c-4.5 26.3 23.2 46 46.4 33.7L288 439.6l130.7 68.7c23.2 12.2 50.9-7.4 46.4-33.7l-25-145.5 105.7-103c19-18.5 8.5-50.8-17.7-54.6L382 150.2 316.7 17.8c-11.7-23.6-45.6-23.9-57.4 0z"
              fill="currentColor"
              style={Object {}}
            />
          </svg>
          <svg
            aria-hidden="true"
            className="svg-inline--fa fa-star fa-w-18 "
            color="gold"
            data-icon="star"
            data-prefix="fas"
            focusable="false"
            role="img"
            style={Object {}}
            viewBox="0 0 576 512"
            xmlns="http://www.w3.org/2000/svg"
          >
            <path
              d="M259.3 17.8L194 150.2 47.9 171.5c-26.2 3.8-36.7 36.1-17.7 54.6l105.7 103-25 145.5c-4.5 26.3 23.2 46 46.4 33.7L288 439.6l130.7 68.7c23.2 12.2 50.9-7.4 46.4-33.7l-25-145.5 105.7-103c19-18.5 8.5-50.8-17.7-54.6L382 150.2 316.7 17.8c-11.7-23.6-45.6-23.9-57.4 0z"
              fill="currentColor"
              style={Object {}}
            />
          </svg>
          <svg
            aria-hidden="true"
            className="svg-inline--fa fa-star-half fa-w-18 "
            color="gold"
            data-icon="star-half"
            data-prefix="fas"
            focusable="false"
            role="img"
            style={Object {}}
            viewBox="0 0 576 512"
            xmlns="http://www.w3.org/2000/svg"
          >
            <path
              d="M288 0c-11.4 0-22.8 5.9-28.7 17.8L194 150.2 47.9 171.4c-26.2 3.8-36.7 36.1-17.7 54.6l105.7 103-25 145.5c-4.5 26.1 23 46 46.4 33.7L288 439.6V0z"
              fill="currentColor"
              style={Object {}}
            />
          </svg>
        </div>
        <span
          className="text-grey"
        >
          193 Uxbridge Road, Hanwell, London W13 9AA, United Kingdom
        </span>
      </div>
    </div>
    <div />
  </div>
  <div
    className="flex m-4 ml-auto w-4/5"
  >
    <div>
      <div
        className="flex w-48 h-48 rounded-3xl overflow-hidden relative justify-center content-center "
      >
        <img
          alt="Lahore Village Tandoori Restaurant"
          className="w-auto h-full block object-cover transform scale-130"
          src="https://www.westernheights.k12.ok.us/wp-content/uploads/2020/01/No-Photo-Available.jpg"
        />
      </div>
    </div>
    <div
      className="text-left self-center pl-4"
    >
      <div
        className="py-4"
      >
        <h2
          className="text-grey text-xl"
        >
          Lahore Village Tandoori Restaurant
        </h2>
        <div>
          <span
            className="text-grey"
          >
            Indian
          </span>
        </div>
      </div>
      <div>
        <h2
          className="text-grey"
        >
          No price rating available
        </h2>
        <div>
          <svg
            aria-hidden="true"
            className="svg-inline--fa fa-star fa-w-18 "
            color="gold"
            data-icon="star"
            data-prefix="fas"
            focusable="false"
            role="img"
            style={Object {}}
            viewBox="0 0 576 512"
            xmlns="http://www.w3.org/2000/svg"
          >
            <path
              d="M259.3 17.8L194 150.2 47.9 171.5c-26.2 3.8-36.7 36.1-17.7 54.6l105.7 103-25 145.5c-4.5 26.3 23.2 46 46.4 33.7L288 439.6l130.7 68.7c23.2 12.2 50.9-7.4 46.4-33.7l-25-145.5 105.7-103c19-18.5 8.5-50.8-17.7-54.6L382 150.2 316.7 17.8c-11.7-23.6-45.6-23.9-57.4 0z"
              fill="currentColor"
              style={Object {}}
            />
          </svg>
          <svg
            aria-hidden="true"
            className="svg-inline--fa fa-star fa-w-18 "
            color="gold"
            data-icon="star"
            data-prefix="fas"
            focusable="false"
            role="img"
            style={Object {}}
            viewBox="0 0 576 512"
            xmlns="http://www.w3.org/2000/svg"
          >
            <path
              d="M259.3 17.8L194 150.2 47.9 171.5c-26.2 3.8-36.7 36.1-17.7 54.6l105.7 103-25 145.5c-4.5 26.3 23.2 46 46.4 33.7L288 439.6l130.7 68.7c23.2 12.2 50.9-7.4 46.4-33.7l-25-145.5 105.7-103c19-18.5 8.5-50.8-17.7-54.6L382 150.2 316.7 17.8c-11.7-23.6-45.6-23.9-57.4 0z"
              fill="currentColor"
              style={Object {}}
            />
          </svg>
          <svg
            aria-hidden="true"
            className="svg-inline--fa fa-star fa-w-18 "
            color="gold"
            data-icon="star"
            data-prefix="fas"
            focusable="false"
            role="img"
            style={Object {}}
            viewBox="0 0 576 512"
            xmlns="http://www.w3.org/2000/svg"
          >
            <path
              d="M259.3 17.8L194 150.2 47.9 171.5c-26.2 3.8-36.7 36.1-17.7 54.6l105.7 103-25 145.5c-4.5 26.3 23.2 46 46.4 33.7L288 439.6l130.7 68.7c23.2 12.2 50.9-7.4 46.4-33.7l-25-145.5 105.7-103c19-18.5 8.5-50.8-17.7-54.6L382 150.2 316.7 17.8c-11.7-23.6-45.6-23.9-57.4 0z"
              fill="currentColor"
              style={Object {}}
            />
          </svg>
        </div>
        <span
          className="text-grey"
        >
          179 Uxbridge Road, London W13 9AA, United Kingdom
        </span>
      </div>
    </div>
    <div />
  </div>
  <div
    className="flex m-4 ml-auto w-4/5"
  >
    <div>
      <div
        className="flex w-48 h-48 rounded-3xl overflow-hidden relative justify-center content-center "
      >
        <img
          alt="Gospoda Vita"
          className="w-auto h-full block object-cover transform scale-130"
          src="https://www.westernheights.k12.ok.us/wp-content/uploads/2020/01/No-Photo-Available.jpg"
        />
      </div>
    </div>
    <div
      className="text-left self-center pl-4"
    >
      <div
        className="py-4"
      >
        <h2
          className="text-grey text-xl"
        >
          Gospoda Vita
        </h2>
        <div>
          <span
            className="text-grey"
          >
            Polish
          </span>
        </div>
      </div>
      <div>
        <h2
          className="text-grey"
        >
          No price rating available
        </h2>
        <div>
          <svg
            aria-hidden="true"
            className="svg-inline--fa fa-star fa-w-18 "
            color="gold"
            data-icon="star"
            data-prefix="fas"
            focusable="false"
            role="img"
            style={Object {}}
            viewBox="0 0 576 512"
            xmlns="http://www.w3.org/2000/svg"
          >
            <path
              d="M259.3 17.8L194 150.2 47.9 171.5c-26.2 3.8-36.7 36.1-17.7 54.6l105.7 103-25 145.5c-4.5 26.3 23.2 46 46.4 33.7L288 439.6l130.7 68.7c23.2 12.2 50.9-7.4 46.4-33.7l-25-145.5 105.7-103c19-18.5 8.5-50.8-17.7-54.6L382 150.2 316.7 17.8c-11.7-23.6-45.6-23.9-57.4 0z"
              fill="currentColor"
              style={Object {}}
            />
          </svg>
          <svg
            aria-hidden="true"
            className="svg-inline--fa fa-star fa-w-18 "
            color="gold"
            data-icon="star"
            data-prefix="fas"
            focusable="false"
            role="img"
            style={Object {}}
            viewBox="0 0 576 512"
            xmlns="http://www.w3.org/2000/svg"
          >
            <path
              d="M259.3 17.8L194 150.2 47.9 171.5c-26.2 3.8-36.7 36.1-17.7 54.6l105.7 103-25 145.5c-4.5 26.3 23.2 46 46.4 33.7L288 439.6l130.7 68.7c23.2 12.2 50.9-7.4 46.4-33.7l-25-145.5 105.7-103c19-18.5 8.5-50.8-17.7-54.6L382 150.2 316.7 17.8c-11.7-23.6-45.6-23.9-57.4 0z"
              fill="currentColor"
              style={Object {}}
            />
          </svg>
          <svg
            aria-hidden="true"
            className="svg-inline--fa fa-star fa-w-18 "
            color="gold"
            data-icon="star"
            data-prefix="fas"
            focusable="false"
            role="img"
            style={Object {}}
            viewBox="0 0 576 512"
            xmlns="http://www.w3.org/2000/svg"
          >
            <path
              d="M259.3 17.8L194 150.2 47.9 171.5c-26.2 3.8-36.7 36.1-17.7 54.6l105.7 103-25 145.5c-4.5 26.3 23.2 46 46.4 33.7L288 439.6l130.7 68.7c23.2 12.2 50.9-7.4 46.4-33.7l-25-145.5 105.7-103c19-18.5 8.5-50.8-17.7-54.6L382 150.2 316.7 17.8c-11.7-23.6-45.6-23.9-57.4 0z"
              fill="currentColor"
              style={Object {}}
            />
          </svg>
          <svg
            aria-hidden="true"
            className="svg-inline--fa fa-star-half fa-w-18 "
            color="gold"
            data-icon="star-half"
            data-prefix="fas"
            focusable="false"
            role="img"
            style={Object {}}
            viewBox="0 0 576 512"
            xmlns="http://www.w3.org/2000/svg"
          >
            <path
              d="M288 0c-11.4 0-22.8 5.9-28.7 17.8L194 150.2 47.9 171.4c-26.2 3.8-36.7 36.1-17.7 54.6l105.7 103-25 145.5c-4.5 26.1 23 46 46.4 33.7L288 439.6V0z"
              fill="currentColor"
              style={Object {}}
            />
          </svg>
        </div>
        <span
          className="text-grey"
        >
          146 Uxbridge Road, West Ealing, London W13 8SB, United Kingdom
        </span>
      </div>
    </div>
    <div />
  </div>
  <div
    className="flex m-4 ml-auto w-4/5"
  >
    <div>
      <div
        className="flex w-48 h-48 rounded-3xl overflow-hidden relative justify-center content-center "
      >
        <img
          alt="Y Ariba Y Ariba"
          className="w-auto h-full block object-cover transform scale-130"
          src="https://www.westernheights.k12.ok.us/wp-content/uploads/2020/01/No-Photo-Available.jpg"
        />
      </div>
    </div>
    <div
      className="text-left self-center pl-4"
    >
      <div
        className="py-4"
      >
        <h2
          className="text-grey text-xl"
        >
          Y Ariba Y Ariba
        </h2>
        <div>
          <span
            className="text-grey"
          >
            Mexican
          </span>
        </div>
      </div>
      <div>
        <h2
          className="text-grey"
        >
          No price rating available
        </h2>
        <div>
          <svg
            aria-hidden="true"
            className="svg-inline--fa fa-star fa-w-18 "
            color="gold"
            data-icon="star"
            data-prefix="fas"
            focusable="false"
            role="img"
            style={Object {}}
            viewBox="0 0 576 512"
            xmlns="http://www.w3.org/2000/svg"
          >
            <path
              d="M259.3 17.8L194 150.2 47.9 171.5c-26.2 3.8-36.7 36.1-17.7 54.6l105.7 103-25 145.5c-4.5 26.3 23.2 46 46.4 33.7L288 439.6l130.7 68.7c23.2 12.2 50.9-7.4 46.4-33.7l-25-145.5 105.7-103c19-18.5 8.5-50.8-17.7-54.6L382 150.2 316.7 17.8c-11.7-23.6-45.6-23.9-57.4 0z"
              fill="currentColor"
              style={Object {}}
            />
          </svg>
        </div>
        <span
          className="text-grey"
        >
          124 Broadway, West Ealing W13 0SY, United Kingdom
        </span>
      </div>
    </div>
    <div />
  </div>
  <div
    className="flex m-4 ml-auto w-4/5"
  >
    <div>
      <div
        className="flex w-48 h-48 rounded-3xl overflow-hidden relative justify-center content-center "
      >
        <img
          alt="Ealing Kebab"
          className="w-auto h-full block object-cover transform scale-130"
          src="https://www.westernheights.k12.ok.us/wp-content/uploads/2020/01/No-Photo-Available.jpg"
        />
      </div>
    </div>
    <div
      className="text-left self-center pl-4"
    >
      <div
        className="py-4"
      >
        <h2
          className="text-grey text-xl"
        >
          Ealing Kebab
        </h2>
        <div>
          <span
            className="text-grey"
          >
            Fast Food
          </span>
          <span
            className="text-grey"
          >
            , Kebab
          </span>
        </div>
      </div>
      <div>
        <h2
          className="text-grey"
        >
          ££
        </h2>
        <div>
          <svg
            aria-hidden="true"
            className="svg-inline--fa fa-star fa-w-18 "
            color="gold"
            data-icon="star"
            data-prefix="fas"
            focusable="false"
            role="img"
            style={Object {}}
            viewBox="0 0 576 512"
            xmlns="http://www.w3.org/2000/svg"
          >
            <path
              d="M259.3 17.8L194 150.2 47.9 171.5c-26.2 3.8-36.7 36.1-17.7 54.6l105.7 103-25 145.5c-4.5 26.3 23.2 46 46.4 33.7L288 439.6l130.7 68.7c23.2 12.2 50.9-7.4 46.4-33.7l-25-145.5 105.7-103c19-18.5 8.5-50.8-17.7-54.6L382 150.2 316.7 17.8c-11.7-23.6-45.6-23.9-57.4 0z"
              fill="currentColor"
              style={Object {}}
            />
          </svg>
          <svg
            aria-hidden="true"
            className="svg-inline--fa fa-star fa-w-18 "
            color="gold"
            data-icon="star"
            data-prefix="fas"
            focusable="false"
            role="img"
            style={Object {}}
            viewBox="0 0 576 512"
            xmlns="http://www.w3.org/2000/svg"
          >
            <path
              d="M259.3 17.8L194 150.2 47.9 171.5c-26.2 3.8-36.7 36.1-17.7 54.6l105.7 103-25 145.5c-4.5 26.3 23.2 46 46.4 33.7L288 439.6l130.7 68.7c23.2 12.2 50.9-7.4 46.4-33.7l-25-145.5 105.7-103c19-18.5 8.5-50.8-17.7-54.6L382 150.2 316.7 17.8c-11.7-23.6-45.6-23.9-57.4 0z"
              fill="currentColor"
              style={Object {}}
            />
          </svg>
          <svg
            aria-hidden="true"
            className="svg-inline--fa fa-star fa-w-18 "
            color="gold"
            data-icon="star"
            data-prefix="fas"
            focusable="false"
            role="img"
            style={Object {}}
            viewBox="0 0 576 512"
            xmlns="http://www.w3.org/2000/svg"
          >
            <path
              d="M259.3 17.8L194 150.2 47.9 171.5c-26.2 3.8-36.7 36.1-17.7 54.6l105.7 103-25 145.5c-4.5 26.3 23.2 46 46.4 33.7L288 439.6l130.7 68.7c23.2 12.2 50.9-7.4 46.4-33.7l-25-145.5 105.7-103c19-18.5 8.5-50.8-17.7-54.6L382 150.2 316.7 17.8c-11.7-23.6-45.6-23.9-57.4 0z"
              fill="currentColor"
              style={Object {}}
            />
          </svg>
          <svg
            aria-hidden="true"
            className="svg-inline--fa fa-star fa-w-18 "
            color="gold"
            data-icon="star"
            data-prefix="fas"
            focusable="false"
            role="img"
            style={Object {}}
            viewBox="0 0 576 512"
            xmlns="http://www.w3.org/2000/svg"
          >
            <path
              d="M259.3 17.8L194 150.2 47.9 171.5c-26.2 3.8-36.7 36.1-17.7 54.6l105.7 103-25 145.5c-4.5 26.3 23.2 46 46.4 33.7L288 439.6l130.7 68.7c23.2 12.2 50.9-7.4 46.4-33.7l-25-145.5 105.7-103c19-18.5 8.5-50.8-17.7-54.6L382 150.2 316.7 17.8c-11.7-23.6-45.6-23.9-57.4 0z"
              fill="currentColor"
              style={Object {}}
            />
          </svg>
        </div>
        <span
          className="text-grey"
        >
          179 Uxbridge Road, Ealing, London W13 9AA, United Kingdom
        </span>
      </div>
    </div>
    <div />
  </div>
  <div
    className="flex m-4 ml-auto w-4/5"
  >
    <div>
      <div
        className="flex w-48 h-48 rounded-3xl overflow-hidden relative justify-center content-center "
      >
        <img
          alt="China Garden"
          className="w-auto h-full block object-cover transform scale-130"
          src="https://s3-media1.fl.yelpcdn.com/bphoto/xJlkSor1LAgNm7tcXw278Q/o.jpg"
        />
      </div>
    </div>
    <div
      className="text-left self-center pl-4"
    >
      <div
        className="py-4"
      >
        <h2
          className="text-grey text-xl"
        >
          China Garden
        </h2>
        <div>
          <span
            className="text-grey"
          >
            Chinese
          </span>
        </div>
      </div>
      <div>
        <h2
          className="text-grey"
        >
          £
        </h2>
        <div>
          <svg
            aria-hidden="true"
            className="svg-inline--fa fa-star fa-w-18 "
            color="gold"
            data-icon="star"
            data-prefix="fas"
            focusable="false"
            role="img"
            style={Object {}}
            viewBox="0 0 576 512"
            xmlns="http://www.w3.org/2000/svg"
          >
            <path
              d="M259.3 17.8L194 150.2 47.9 171.5c-26.2 3.8-36.7 36.1-17.7 54.6l105.7 103-25 145.5c-4.5 26.3 23.2 46 46.4 33.7L288 439.6l130.7 68.7c23.2 12.2 50.9-7.4 46.4-33.7l-25-145.5 105.7-103c19-18.5 8.5-50.8-17.7-54.6L382 150.2 316.7 17.8c-11.7-23.6-45.6-23.9-57.4 0z"
              fill="currentColor"
              style={Object {}}
            />
          </svg>
          <svg
            aria-hidden="true"
            className="svg-inline--fa fa-star-half fa-w-18 "
            color="gold"
            data-icon="star-half"
            data-prefix="fas"
            focusable="false"
            role="img"
            style={Object {}}
            viewBox="0 0 576 512"
            xmlns="http://www.w3.org/2000/svg"
          >
            <path
              d="M288 0c-11.4 0-22.8 5.9-28.7 17.8L194 150.2 47.9 171.4c-26.2 3.8-36.7 36.1-17.7 54.6l105.7 103-25 145.5c-4.5 26.1 23 46 46.4 33.7L288 439.6V0z"
              fill="currentColor"
              style={Object {}}
            />
          </svg>
        </div>
        <span
          className="text-grey"
        >
          177 Uxbridge Road, London W13 9AA, United Kingdom
        </span>
      </div>
    </div>
    <div />
  </div>
  <div
    className="flex m-4 ml-auto w-4/5"
  >
    <div>
      <div
        className="flex w-48 h-48 rounded-3xl overflow-hidden relative justify-center content-center "
      >
        <img
          alt="KFC"
          className="w-auto h-full block object-cover transform scale-130"
          src="https://www.westernheights.k12.ok.us/wp-content/uploads/2020/01/No-Photo-Available.jpg"
        />
      </div>
    </div>
    <div
      className="text-left self-center pl-4"
    >
      <div
        className="py-4"
      >
        <h2
          className="text-grey text-xl"
        >
          KFC
        </h2>
        <div>
          <span
            className="text-grey"
          >
            Fast Food
          </span>
          <span
            className="text-grey"
          >
            , Chicken Shop
          </span>
          <span
            className="text-grey"
          >
            , Chicken Wings
          </span>
        </div>
      </div>
      <div>
        <h2
          className="text-grey"
        >
          £
        </h2>
        <div>
          <svg
            aria-hidden="true"
            className="svg-inline--fa fa-star fa-w-18 "
            color="gold"
            data-icon="star"
            data-prefix="fas"
            focusable="false"
            role="img"
            style={Object {}}
            viewBox="0 0 576 512"
            xmlns="http://www.w3.org/2000/svg"
          >
            <path
              d="M259.3 17.8L194 150.2 47.9 171.5c-26.2 3.8-36.7 36.1-17.7 54.6l105.7 103-25 145.5c-4.5 26.3 23.2 46 46.4 33.7L288 439.6l130.7 68.7c23.2 12.2 50.9-7.4 46.4-33.7l-25-145.5 105.7-103c19-18.5 8.5-50.8-17.7-54.6L382 150.2 316.7 17.8c-11.7-23.6-45.6-23.9-57.4 0z"
              fill="currentColor"
              style={Object {}}
            />
          </svg>
          <svg
            aria-hidden="true"
            className="svg-inline--fa fa-star fa-w-18 "
            color="gold"
            data-icon="star"
            data-prefix="fas"
            focusable="false"
            role="img"
            style={Object {}}
            viewBox="0 0 576 512"
            xmlns="http://www.w3.org/2000/svg"
          >
            <path
              d="M259.3 17.8L194 150.2 47.9 171.5c-26.2 3.8-36.7 36.1-17.7 54.6l105.7 103-25 145.5c-4.5 26.3 23.2 46 46.4 33.7L288 439.6l130.7 68.7c23.2 12.2 50.9-7.4 46.4-33.7l-25-145.5 105.7-103c19-18.5 8.5-50.8-17.7-54.6L382 150.2 316.7 17.8c-11.7-23.6-45.6-23.9-57.4 0z"
              fill="currentColor"
              style={Object {}}
            />
          </svg>
          <svg
            aria-hidden="true"
            className="svg-inline--fa fa-star fa-w-18 "
            color="gold"
            data-icon="star"
            data-prefix="fas"
            focusable="false"
            role="img"
            style={Object {}}
            viewBox="0 0 576 512"
            xmlns="http://www.w3.org/2000/svg"
          >
            <path
              d="M259.3 17.8L194 150.2 47.9 171.5c-26.2 3.8-36.7 36.1-17.7 54.6l105.7 103-25 145.5c-4.5 26.3 23.2 46 46.4 33.7L288 439.6l130.7 68.7c23.2 12.2 50.9-7.4 46.4-33.7l-25-145.5 105.7-103c19-18.5 8.5-50.8-17.7-54.6L382 150.2 316.7 17.8c-11.7-23.6-45.6-23.9-57.4 0z"
              fill="currentColor"
              style={Object {}}
            />
          </svg>
        </div>
        <span
          className="text-grey"
        >
          109 The Broadway, West Ealing, London W13 9BE, United Kingdom
        </span>
      </div>
    </div>
    <div />
  </div>
  <div
    className="flex m-4 ml-auto w-4/5"
  >
    <div>
      <div
        className="flex w-48 h-48 rounded-3xl overflow-hidden relative justify-center content-center "
      >
        <img
          alt="Silva Caribbean and Latin American Cuisine"
          className="w-auto h-full block object-cover transform scale-130"
          src="https://s3-media2.fl.yelpcdn.com/bphoto/duOBkplrtGU3x7i46tSELQ/o.jpg"
        />
      </div>
    </div>
    <div
      className="text-left self-center pl-4"
    >
      <div
        className="py-4"
      >
        <h2
          className="text-grey text-xl"
        >
          Silva Caribbean and Latin American Cuisine
        </h2>
        <div>
          <span
            className="text-grey"
          >
            Latin American
          </span>
          <span
            className="text-grey"
          >
            , Caribbean
          </span>
        </div>
      </div>
      <div>
        <h2
          className="text-grey"
        >
          £
        </h2>
        <div>
          <svg
            aria-hidden="true"
            className="svg-inline--fa fa-star fa-w-18 "
            color="gold"
            data-icon="star"
            data-prefix="fas"
            focusable="false"
            role="img"
            style={Object {}}
            viewBox="0 0 576 512"
            xmlns="http://www.w3.org/2000/svg"
          >
            <path
              d="M259.3 17.8L194 150.2 47.9 171.5c-26.2 3.8-36.7 36.1-17.7 54.6l105.7 103-25 145.5c-4.5 26.3 23.2 46 46.4 33.7L288 439.6l130.7 68.7c23.2 12.2 50.9-7.4 46.4-33.7l-25-145.5 105.7-103c19-18.5 8.5-50.8-17.7-54.6L382 150.2 316.7 17.8c-11.7-23.6-45.6-23.9-57.4 0z"
              fill="currentColor"
              style={Object {}}
            />
          </svg>
          <svg
            aria-hidden="true"
            className="svg-inline--fa fa-star fa-w-18 "
            color="gold"
            data-icon="star"
            data-prefix="fas"
            focusable="false"
            role="img"
            style={Object {}}
            viewBox="0 0 576 512"
            xmlns="http://www.w3.org/2000/svg"
          >
            <path
              d="M259.3 17.8L194 150.2 47.9 171.5c-26.2 3.8-36.7 36.1-17.7 54.6l105.7 103-25 145.5c-4.5 26.3 23.2 46 46.4 33.7L288 439.6l130.7 68.7c23.2 12.2 50.9-7.4 46.4-33.7l-25-145.5 105.7-103c19-18.5 8.5-50.8-17.7-54.6L382 150.2 316.7 17.8c-11.7-23.6-45.6-23.9-57.4 0z"
              fill="currentColor"
              style={Object {}}
            />
          </svg>
          <svg
            aria-hidden="true"
            className="svg-inline--fa fa-star fa-w-18 "
            color="gold"
            data-icon="star"
            data-prefix="fas"
            focusable="false"
            role="img"
            style={Object {}}
            viewBox="0 0 576 512"
            xmlns="http://www.w3.org/2000/svg"
          >
            <path
              d="M259.3 17.8L194 150.2 47.9 171.5c-26.2 3.8-36.7 36.1-17.7 54.6l105.7 103-25 145.5c-4.5 26.3 23.2 46 46.4 33.7L288 439.6l130.7 68.7c23.2 12.2 50.9-7.4 46.4-33.7l-25-145.5 105.7-103c19-18.5 8.5-50.8-17.7-54.6L382 150.2 316.7 17.8c-11.7-23.6-45.6-23.9-57.4 0z"
              fill="currentColor"
              style={Object {}}
            />
          </svg>
          <svg
            aria-hidden="true"
            className="svg-inline--fa fa-star-half fa-w-18 "
            color="gold"
            data-icon="star-half"
            data-prefix="fas"
            focusable="false"
            role="img"
            style={Object {}}
            viewBox="0 0 576 512"
            xmlns="http://www.w3.org/2000/svg"
          >
            <path
              d="M288 0c-11.4 0-22.8 5.9-28.7 17.8L194 150.2 47.9 171.4c-26.2 3.8-36.7 36.1-17.7 54.6l105.7 103-25 145.5c-4.5 26.1 23 46 46.4 33.7L288 439.6V0z"
              fill="currentColor"
              style={Object {}}
            />
          </svg>
        </div>
        <span
          className="text-grey"
        >
          148 The Broadway, London W13 0TL, United Kingdom
        </span>
      </div>
    </div>
    <div />
  </div>
  <div
    className="flex m-4 ml-auto w-4/5"
  >
    <div>
      <div
        className="flex w-48 h-48 rounded-3xl overflow-hidden relative justify-center content-center "
      >
        <img
          alt="Ealing Balti House"
          className="w-auto h-full block object-cover transform scale-130"
          src="https://s3-media3.fl.yelpcdn.com/bphoto/qY-rtSnUv33SySwXv6QLhQ/o.jpg"
        />
      </div>
    </div>
    <div
      className="text-left self-center pl-4"
    >
      <div
        className="py-4"
      >
        <h2
          className="text-grey text-xl"
        >
          Ealing Balti House
        </h2>
        <div>
          <span
            className="text-grey"
          >
            Indian
          </span>
          <span
            className="text-grey"
          >
            , Pakistani
          </span>
        </div>
      </div>
      <div>
        <h2
          className="text-grey"
        >
          ££
        </h2>
        <div>
          <svg
            aria-hidden="true"
            className="svg-inline--fa fa-star fa-w-18 "
            color="gold"
            data-icon="star"
            data-prefix="fas"
            focusable="false"
            role="img"
            style={Object {}}
            viewBox="0 0 576 512"
            xmlns="http://www.w3.org/2000/svg"
          >
            <path
              d="M259.3 17.8L194 150.2 47.9 171.5c-26.2 3.8-36.7 36.1-17.7 54.6l105.7 103-25 145.5c-4.5 26.3 23.2 46 46.4 33.7L288 439.6l130.7 68.7c23.2 12.2 50.9-7.4 46.4-33.7l-25-145.5 105.7-103c19-18.5 8.5-50.8-17.7-54.6L382 150.2 316.7 17.8c-11.7-23.6-45.6-23.9-57.4 0z"
              fill="currentColor"
              style={Object {}}
            />
          </svg>
          <svg
            aria-hidden="true"
            className="svg-inline--fa fa-star fa-w-18 "
            color="gold"
            data-icon="star"
            data-prefix="fas"
            focusable="false"
            role="img"
            style={Object {}}
            viewBox="0 0 576 512"
            xmlns="http://www.w3.org/2000/svg"
          >
            <path
              d="M259.3 17.8L194 150.2 47.9 171.5c-26.2 3.8-36.7 36.1-17.7 54.6l105.7 103-25 145.5c-4.5 26.3 23.2 46 46.4 33.7L288 439.6l130.7 68.7c23.2 12.2 50.9-7.4 46.4-33.7l-25-145.5 105.7-103c19-18.5 8.5-50.8-17.7-54.6L382 150.2 316.7 17.8c-11.7-23.6-45.6-23.9-57.4 0z"
              fill="currentColor"
              style={Object {}}
            />
          </svg>
          <svg
            aria-hidden="true"
            className="svg-inline--fa fa-star fa-w-18 "
            color="gold"
            data-icon="star"
            data-prefix="fas"
            focusable="false"
            role="img"
            style={Object {}}
            viewBox="0 0 576 512"
            xmlns="http://www.w3.org/2000/svg"
          >
            <path
              d="M259.3 17.8L194 150.2 47.9 171.5c-26.2 3.8-36.7 36.1-17.7 54.6l105.7 103-25 145.5c-4.5 26.3 23.2 46 46.4 33.7L288 439.6l130.7 68.7c23.2 12.2 50.9-7.4 46.4-33.7l-25-145.5 105.7-103c19-18.5 8.5-50.8-17.7-54.6L382 150.2 316.7 17.8c-11.7-23.6-45.6-23.9-57.4 0z"
              fill="currentColor"
              style={Object {}}
            />
          </svg>
          <svg
            aria-hidden="true"
            className="svg-inline--fa fa-star fa-w-18 "
            color="gold"
            data-icon="star"
            data-prefix="fas"
            focusable="false"
            role="img"
            style={Object {}}
            viewBox="0 0 576 512"
            xmlns="http://www.w3.org/2000/svg"
          >
            <path
              d="M259.3 17.8L194 150.2 47.9 171.5c-26.2 3.8-36.7 36.1-17.7 54.6l105.7 103-25 145.5c-4.5 26.3 23.2 46 46.4 33.7L288 439.6l130.7 68.7c23.2 12.2 50.9-7.4 46.4-33.7l-25-145.5 105.7-103c19-18.5 8.5-50.8-17.7-54.6L382 150.2 316.7 17.8c-11.7-23.6-45.6-23.9-57.4 0z"
              fill="currentColor"
              style={Object {}}
            />
          </svg>
        </div>
        <span
          className="text-grey"
        >
          150 Broadway, London W13 0TL, United Kingdom
        </span>
      </div>
    </div>
    <div />
  </div>
</div>
`;
