// Jest Snapshot v1, https://goo.gl/fbAQLP

exports[`displays the large Restaurant image correctly 1`] = `
<div
  className="flex mx-auto w-full h-80 py-8 overflow-hidden relative justify-center content-center lg:w-2/3 xl:w-2/3 2xl:w-2/3 "
>
  <img
    alt="name"
    className="w-full h-auto block object-cover"
    src="url"
  />
</div>
`;
