// Jest Snapshot v1, https://goo.gl/fbAQLP

exports[`displays the button with the correct props 1`] = `
<button
  className="submit-button rounded py-2 px-8 bg-teal hover:bg-teal-hover active:bg-teal-click focus:outline-none"
  onClick={[Function]}
  type="button"
  value="value"
>
  Find
</button>
`;
